Archive member included to satisfy reference by file (symbol)

./bin/lib/40/S32K148_lib/lib_S32K148_sdk.a(system_S32K148.o)
                              (--whole-archive)
./bin/lib/40/S32K148_lib/lib_S32K148_sdk.a(startup_S32K148.o)
                              (--whole-archive)
./bin/lib/40/S32K148_lib/lib_S32K148_sdk.a(adc_driver.o)
                              (--whole-archive)
./bin/lib/40/S32K148_lib/lib_S32K148_sdk.a(clock_S32K1xx.o)
                              (--whole-archive)
./bin/lib/40/S32K148_lib/lib_S32K148_sdk.a(crc_driver.o)
                              (--whole-archive)
./bin/lib/40/S32K148_lib/lib_S32K148_sdk.a(crc_hw_access.o)
                              (--whole-archive)
./bin/lib/40/S32K148_lib/lib_S32K148_sdk.a(edma_driver.o)
                              (--whole-archive)
./bin/lib/40/S32K148_lib/lib_S32K148_sdk.a(edma_hw_access.o)
                              (--whole-archive)
./bin/lib/40/S32K148_lib/lib_S32K148_sdk.a(edma_irq.o)
                              (--whole-archive)
./bin/lib/40/S32K148_lib/lib_S32K148_sdk.a(flash_driver.o)
                              (--whole-archive)
./bin/lib/40/S32K148_lib/lib_S32K148_sdk.a(flexcan_driver.o)
                              (--whole-archive)
./bin/lib/40/S32K148_lib/lib_S32K148_sdk.a(flexcan_hw_access.o)
                              (--whole-archive)
./bin/lib/40/S32K148_lib/lib_S32K148_sdk.a(flexcan_irq.o)
                              (--whole-archive)
./bin/lib/40/S32K148_lib/lib_S32K148_sdk.a(ftm_common.o)
                              (--whole-archive)
./bin/lib/40/S32K148_lib/lib_S32K148_sdk.a(ftm_hw_access.o)
                              (--whole-archive)
./bin/lib/40/S32K148_lib/lib_S32K148_sdk.a(ftm_ic_driver.o)
                              (--whole-archive)
./bin/lib/40/S32K148_lib/lib_S32K148_sdk.a(ftm_mc_driver.o)
                              (--whole-archive)
./bin/lib/40/S32K148_lib/lib_S32K148_sdk.a(ftm_oc_driver.o)
                              (--whole-archive)
./bin/lib/40/S32K148_lib/lib_S32K148_sdk.a(ftm_pwm_driver.o)
                              (--whole-archive)
./bin/lib/40/S32K148_lib/lib_S32K148_sdk.a(ftm_qd_driver.o)
                              (--whole-archive)
./bin/lib/40/S32K148_lib/lib_S32K148_sdk.a(interrupt_manager.o)
                              (--whole-archive)
./bin/lib/40/S32K148_lib/lib_S32K148_sdk.a(lpi2c_driver.o)
                              (--whole-archive)
./bin/lib/40/S32K148_lib/lib_S32K148_sdk.a(lpi2c_hw_access.o)
                              (--whole-archive)
./bin/lib/40/S32K148_lib/lib_S32K148_sdk.a(lpi2c_irq.o)
                              (--whole-archive)
./bin/lib/40/S32K148_lib/lib_S32K148_sdk.a(lpit_driver.o)
                              (--whole-archive)
./bin/lib/40/S32K148_lib/lib_S32K148_sdk.a(lpspi_hw_access.o)
                              (--whole-archive)
./bin/lib/40/S32K148_lib/lib_S32K148_sdk.a(lpspi_irq.o)
                              (--whole-archive)
./bin/lib/40/S32K148_lib/lib_S32K148_sdk.a(lpspi_master_driver.o)
                              (--whole-archive)
./bin/lib/40/S32K148_lib/lib_S32K148_sdk.a(lpspi_slave_driver.o)
                              (--whole-archive)
./bin/lib/40/S32K148_lib/lib_S32K148_sdk.a(lpspi_shared_function.o)
                              (--whole-archive)
./bin/lib/40/S32K148_lib/lib_S32K148_sdk.a(lpuart_driver.o)
                              (--whole-archive)
./bin/lib/40/S32K148_lib/lib_S32K148_sdk.a(lpuart_driver_mrs_lin.o)
                              (--whole-archive)
./bin/lib/40/S32K148_lib/lib_S32K148_sdk.a(lpuart_hw_access.o)
                              (--whole-archive)
./bin/lib/40/S32K148_lib/lib_S32K148_sdk.a(lpuart_irq.o)
                              (--whole-archive)
./bin/lib/40/S32K148_lib/lib_S32K148_sdk.a(lptmr_driver.o)
                              (--whole-archive)
./bin/lib/40/S32K148_lib/lib_S32K148_sdk.a(lptmr_hw_access.o)
                              (--whole-archive)
./bin/lib/40/S32K148_lib/lib_S32K148_sdk.a(pdb_driver.o)
                              (--whole-archive)
./bin/lib/40/S32K148_lib/lib_S32K148_sdk.a(pdb_hw_access.o)
                              (--whole-archive)
./bin/lib/40/S32K148_lib/lib_S32K148_sdk.a(pins_driver.o)
                              (--whole-archive)
./bin/lib/40/S32K148_lib/lib_S32K148_sdk.a(pins_port_hw_access.o)
                              (--whole-archive)
./bin/lib/40/S32K148_lib/lib_S32K148_sdk.a(rtc_driver.o)
                              (--whole-archive)
./bin/lib/40/S32K148_lib/lib_S32K148_sdk.a(rtc_hw_access.o)
                              (--whole-archive)
./bin/lib/40/S32K148_lib/lib_S32K148_sdk.a(rtc_irq.o)
                              (--whole-archive)
./bin/lib/40/S32K148_lib/lib_S32K148_sdk.a(wdog_driver.o)
                              (--whole-archive)
./bin/lib/40/S32K148_lib/lib_S32K148_sdk.a(wdog_hw_access.o)
                              (--whole-archive)
./bin/lib/40/S32K148_lib/lib_S32K148_sdk.a(lin_stack.o)
[...]
Memory Configuration

Name             Origin             Length             Attributes
m_text_bootloader 0x00000000         0x00010000         r
m_text_header    0x00010000         0x00001000         xr
m_interrupts     0x00011000         0x00000400         xr
m_flash_config   0x00011400         0x00000010         xr
m_text           0x00011410         0x0016ebf0         xr
m_flexram        0x14000000         0x00001000         rw
m_data           0x1ffe0000         0x00020000         rw
m_data_2         0x20000000         0x0001f000         rw
*default*        0x00000000         0xffffffff

Linker script and memory map

LOAD c:/users/theno/appdata/local/applicsstudio/app-4.8.0/tools/gnuarmembedded/8.3.1/bin/../lib/gcc/arm-none-eabi/8.3.1/thumb/v7e-m+fp/hard/crti.o
LOAD c:/users/theno/appdata/local/applicsstudio/app-4.8.0/tools/gnuarmembedded/8.3.1/bin/../lib/gcc/arm-none-eabi/8.3.1/thumb/v7e-m+fp/hard/crtbegin.o
LOAD c:/users/theno/appdata/local/applicsstudio/app-4.8.0/tools/gnuarmembedded/8.3.1/bin/../lib/gcc/arm-none-eabi/8.3.1/../../../../arm-none-eabi/lib/thumb/v7e-m+fp/hard/crt0.o
LOAD ./bin/obj/can_db_tables.o
LOAD ./bin/obj/io_tables.o
LOAD ./bin/obj/io_variables.o
LOAD ./bin/obj/graph_code.o
LOAD ./bin/obj/graph_support.o
LOAD ./bin/obj/module_code.o
LOAD ./bin/obj/lin_db_tables.o
LOAD ./bin/obj/lin_diagnose.o
LOAD ./bin/obj/user_code.o
LOAD ./bin/obj/modulhardwarecode.o
LOAD ./bin/obj/sfl_db.o
LOAD ./bin/obj/sfl_can_db.o
LOAD ./bin/obj/sfl_can_db_tables_data.o
LOAD ./bin/obj/sfl_timer.o
LOAD ./bin/obj/sfl_math.o
LOAD ./bin/obj/sfl_ramp_generator.o
LOAD ./bin/obj/sfl_bl_protocol_s32k.o
LOAD ./bin/obj/sfl_fifo.o
LOAD ./bin/obj/adc_app.o
LOAD ./bin/obj/can_app.o
LOAD ./bin/obj/ftm_app.o
LOAD ./bin/obj/irq_cfg.o
LOAD ./bin/obj/lin_app.o
LOAD ./bin/obj/main.o
LOAD ./bin/obj/sci_app.o
LOAD ./bin/obj/sys_manager.o
LOAD ./bin/obj/user_api_ai.o
LOAD ./bin/obj/user_api_can.o
LOAD ./bin/obj/user_api_eeprom.o
LOAD ./bin/obj/user_api_io.o
LOAD ./bin/obj/user_api_pwm.o
LOAD ./bin/obj/user_api_system.o
LOAD ./bin/obj/user_api_timer.o
LOAD ./bin/obj/user_api_uart.o
LOAD ./bin/obj/user_api_util.o
LOAD ./bin/lib/40/S32K148_lib/lib_S32K148_sdk.a
LOAD ./bin/lib/40/S32K148_lib/lib_S32K148_bsp_cfg.a
LOAD ./bin/lib/40/S32K148_lib/lib_S32K148_hal_impl_s32k.a
LOAD ./bin/lib/40/S32K148_lib/lib_S32K148_bl_protocol.a
LOAD c:/users/theno/appdata/local/applicsstudio/app-4.8.0/tools/gnuarmembedded/8.3.1/bin/../lib/gcc/arm-none-eabi/8.3.1/../../../../arm-none-eabi/lib/thumb/v7e-m+fp/hard\libstdc++_nano.a
LOAD c:/users/theno/appdata/local/applicsstudio/app-4.8.0/tools/gnuarmembedded/8.3.1/bin/../lib/gcc/arm-none-eabi/8.3.1/../../../../arm-none-eabi/lib/thumb/v7e-m+fp/hard\libm.a
START GROUP
LOAD c:/users/theno/appdata/local/applicsstudio/app-4.8.0/tools/gnuarmembedded/8.3.1/bin/../lib/gcc/arm-none-eabi/8.3.1/thumb/v7e-m+fp/hard\libgcc.a
LOAD c:/users/theno/appdata/local/applicsstudio/app-4.8.0/tools/gnuarmembedded/8.3.1/bin/../lib/gcc/arm-none-eabi/8.3.1/../../../../arm-none-eabi/lib/thumb/v7e-m+fp/hard\libc_nano.a
END GROUP
START GROUP
LOAD c:/users/theno/appdata/local/applicsstudio/app-4.8.0/tools/gnuarmembedded/8.3.1/bin/../lib/gcc/arm-none-eabi/8.3.1/thumb/v7e-m+fp/hard\libgcc.a
LOAD c:/users/theno/appdata/local/applicsstudio/app-4.8.0/tools/gnuarmembedded/8.3.1/bin/../lib/gcc/arm-none-eabi/8.3.1/../../../../arm-none-eabi/lib/thumb/v7e-m+fp/hard\libc_nano.a
LOAD c:/users/theno/appdata/local/applicsstudio/app-4.8.0/tools/gnuarmembedded/8.3.1/bin/../lib/gcc/arm-none-eabi/8.3.1/../../../../arm-none-eabi/lib/thumb/v7e-m+fp/hard\libnosys.a
END GROUP
START GROUP
LOAD c:/users/theno/appdata/local/applicsstudio/app-4.8.0/tools/gnuarmembedded/8.3.1/bin/../lib/gcc/arm-none-eabi/8.3.1/thumb/v7e-m+fp/hard\libgcc.a
LOAD c:/users/theno/appdata/local/applicsstudio/app-4.8.0/tools/gnuarmembedded/8.3.1/bin/../lib/gcc/arm-none-eabi/8.3.1/../../../../arm-none-eabi/lib/thumb/v7e-m+fp/hard\libc_nano.a
LOAD c:/users/theno/appdata/local/applicsstudio/app-4.8.0/tools/gnuarmembedded/8.3.1/bin/../lib/gcc/arm-none-eabi/8.3.1/../../../../arm-none-eabi/lib/thumb/v7e-m+fp/hard\libnosys.a
END GROUP
LOAD c:/users/theno/appdata/local/applicsstudio/app-4.8.0/tools/gnuarmembedded/8.3.1/bin/../lib/gcc/arm-none-eabi/8.3.1/thumb/v7e-m+fp/hard/crtend.o
LOAD c:/users/theno/appdata/local/applicsstudio/app-4.8.0/tools/gnuarmembedded/8.3.1/bin/../lib/gcc/arm-none-eabi/8.3.1/thumb/v7e-m+fp/hard/crtn.o
                0x00000400                HEAP_SIZE = DEFINED (__heap_size__)?__heap_size__:0x400
                0x00001000                STACK_SIZE = DEFINED (__stack_size__)?__stack_size__:0x1000
                0x00010000                __APP_HEADER_ADDR = 0x10000
                0x00001000                __APP_HEADER_SIZE = 0x1000
                0x0000f000                __EE_RO_FLASH_ADDR = 0xf000
                0x0000f200                __EE_CALIBR_FLASH_ADDR = 0xf200
                0x00000400                M_VECTOR_RAM_SIZE = DEFINED (__flash_vector_table__)?0x0:0x400

.APP_HEADER     0x00010000     0x1000
 *(.APP_HEADER)
 .APP_HEADER    0x00010000      0x400 ./bin/lib/40/S32K148_lib/lib_S32K148_bl_protocol.a(role_protocol_bl.o)
                0x00011000                . = ALIGN (__APP_HEADER_SIZE)
 *fill*         0x00010400      0xc00 

.interrupts     0x00011000      0x400
                0x00011000                __VECTOR_TABLE = .
                0x00011000                __interrupts_start__ = .
                0x00011000                . = ALIGN (0x4)
 *(.isr_vector)
 .isr_vector    0x00011000      0x400 ./bin/lib/40/S32K148_lib/lib_S32K148_sdk.a(startup_S32K148.o)
                0x00011000                __isr_vector
                0x00011400                __interrupts_end__ = .
                0x00011400                . = ALIGN (0x4)

.flash_config   0x00011400       0x10
                0x00011400                . = ALIGN (0x4)
 *(.FlashConfig)
 .FlashConfig   0x00011400       0x10 ./bin/lib/40/S32K148_lib/lib_S32K148_sdk.a(startup_S32K148.o)
                0x00011410                . = ALIGN (0x4)

.text           0x00011410    0x10ca8
                0x00011410                . = ALIGN (0x4)
 *(.text)
 .text          0x00011410       0x40 c:/users/theno/appdata/local/applicsstudio/app-4.8.0/tools/gnuarmembedded/8.3.1/bin/../lib/gcc/arm-none-eabi/8.3.1/thumb/v7e-m+fp/hard/crtbegin.o
 .text          0x00011450       0x4c ./bin/lib/40/S32K148_lib/lib_S32K148_sdk.a(startup_S32K148.o)
                0x00011450                Reset_Handler
                0x00011498                DebugMon_Handler
                0x00011498                HardFault_Handler
                0x00011498                Reserved103_IRQHandler
                0x00011498                Reserved50_IRQHandler
                0x00011498                FTFC_Fault_IRQHandler
                0x00011498                Reserved114_IRQHandler
                0x00011498                PendSV_Handler
                0x00011498                NMI_Handler
                0x00011498                ERM_double_fault_IRQHandler
                0x00011498                Reserved59_IRQHandler
                0x00011498                LPIT0_Ch0_IRQHandler
                0x00011498                Reserved99_IRQHandler
                0x00011498                LPIT0_Ch3_IRQHandler
                0x00011498                SWI_IRQHandler
                0x00011498                ADC0_IRQHandler
                0x00011498                UsageFault_Handler
                0x00011498                FTM4_Fault_IRQHandler
                0x00011498                DefaultISR
                0x00011498                Reserved58_IRQHandler
                0x00011498                FTM7_Fault_IRQHandler
                0x00011498                Reserved82_IRQHandler
                0x00011498                PORTD_IRQHandler
                0x00011498                SAI1_Rx_IRQHandler
                0x00011498                Reserved69_IRQHandler
                0x00011498                PORTB_IRQHandler
                0x00011498                Reserved70_IRQHandler
                0x00011498                Reserved53_IRQHandler
                0x00011498                PDB0_IRQHandler
                0x00011498                Reserved54_IRQHandler
                0x00011498                FTM6_Fault_IRQHandler
                0x00011498                LPUART1_RxTx_IRQHandler
                0x00011498                Reserved110_IRQHandler
                0x00011498                Reserved107_IRQHandler
                0x00011498                ENET_TIMER_IRQHandler
                0x00011498                Read_Collision_IRQHandler
                0x00011498                FTFC_IRQHandler
                0x00011498                FTM5_Fault_IRQHandler
                0x00011498                LPIT0_Ch1_IRQHandler
                0x00011498                SAI0_Tx_IRQHandler
                0x00011498                LPUART2_RxTx_IRQHandler
                0x00011498                WDOG_EWM_IRQHandler
                0x00011498                MemManage_Handler
                0x00011498                Reserved83_IRQHandler
                0x00011498                FTM0_Fault_IRQHandler
                0x00011498                Reserved48_IRQHandler
                0x00011498                SVC_Handler
                0x00011498                ENET_TX_IRQHandler
                0x00011498                ERM_single_fault_IRQHandler
                0x00011498                FTM2_Fault_IRQHandler
                0x00011498                FTM3_Fault_IRQHandler
                0x00011498                RCM_IRQHandler
                0x00011498                Reserved100_IRQHandler
                0x00011498                SAI0_Rx_IRQHandler
                0x00011498                SCG_IRQHandler
                0x00011498                PDB1_IRQHandler
                0x00011498                ENET_WAKE_IRQHandler
                0x00011498                FTM1_Fault_IRQHandler
                0x00011498                Reserved106_IRQHandler
                0x00011498                ENET_ERR_IRQHandler
                0x00011498                LVD_LVW_IRQHandler
                0x00011498                ENET_STOP_IRQHandler
                0x00011498                ENET_RX_IRQHandler
                0x00011498                LPIT0_Ch2_IRQHandler
                0x00011498                PORTA_IRQHandler
                0x00011498                MCM_IRQHandler
                0x00011498                PORTE_IRQHandler
                0x00011498                LPUART0_RxTx_IRQHandler
                0x00011498                LPTMR0_IRQHandler
                0x00011498                BusFault_Handler
                0x00011498                QSPI_IRQHandler
                0x00011498                CMP0_IRQHandler
                0x00011498                Reserved52_IRQHandler
                0x00011498                PORTC_IRQHandler
                0x00011498                FLEXIO_IRQHandler
                0x00011498                SAI1_Tx_IRQHandler
                0x00011498                Reserved113_IRQHandler
 .text          0x0001149c      0x378 c:/users/theno/appdata/local/applicsstudio/app-4.8.0/tools/gnuarmembedded/8.3.1/bin/../lib/gcc/arm-none-eabi/8.3.1/thumb/v7e-m+fp/hard\libgcc.a(_arm_addsubdf3.o)
                0x0001149c                __aeabi_drsub
                0x000114a4                __aeabi_dsub
                0x000114a4                __subdf3
                0x000114a8                __aeabi_dadd
                0x000114a8                __adddf3
                0x00011720                __floatunsidf
                0x00011720                __aeabi_ui2d
                0x00011740                __floatsidf
                0x00011740                __aeabi_i2d
                0x00011764                __aeabi_f2d
                0x00011764                __extendsfdf2
                0x000117a8                __floatundidf
                0x000117a8                __aeabi_ul2d
                0x000117b8                __floatdidf
                0x000117b8                __aeabi_l2d
 .text          0x00011814      0x424 c:/users/theno/appdata/local/applicsstudio/app-4.8.0/tools/gnuarmembedded/8.3.1/bin/../lib/gcc/arm-none-eabi/8.3.1/thumb/v7e-m+fp/hard\libgcc.a(_arm_muldivdf3.o)
                0x00011814                __aeabi_dmul
                0x00011814                __muldf3
                0x00011a68                __divdf3
                0x00011a68                __aeabi_ddiv
 .text          0x00011c38       0x40 c:/users/theno/appdata/local/applicsstudio/app-4.8.0/tools/gnuarmembedded/8.3.1/bin/../lib/gcc/arm-none-eabi/8.3.1/thumb/v7e-m+fp/hard\libgcc.a(_arm_fixunsdfsi.o)
                0x00011c38                __aeabi_d2uiz
                0x00011c38                __fixunsdfsi
 .text          0x00011c78       0x10 c:/users/theno/appdata/local/applicsstudio/app-4.8.0/tools/gnuarmembedded/8.3.1/bin/../lib/gcc/arm-none-eabi/8.3.1/../../../../arm-none-eabi/lib/thumb/v7e-m+fp/hard\libc_nano.a(lib_a-strlen.o)
                0x00011c78                strlen
 *(.text*)
 .text.graphcode_init
                0x00011c88        0x2 ./bin/obj/graph_code.o
                0x00011c88                graphcode_init
 .text.graphcode
                0x00011c8a        0x2 ./bin/obj/graph_code.o
                0x00011c8a                graphcode
 .text.usercode_init
                0x00011c8c       0x14 ./bin/obj/user_code.o
                0x00011c8c                usercode_init
 .text.usercode
                0x00011ca0        0x2 ./bin/obj/user_code.o
                0x00011ca0                usercode
 .text.user_can_receive_msg_callback
                0x00011ca2        0x2 ./bin/obj/user_code.o
                0x00011ca2                user_can_receive_msg_callback
 .text.user_sci_continuous_receive_callback
                0x00011ca4        0x2 ./bin/obj/user_code.o
                0x00011ca4                user_sci_continuous_receive_callback
 .text.user_int_timer_1ms
                0x00011ca6        0x2 ./bin/obj/user_code.o
                0x00011ca6                user_int_timer_1ms
 .text.modulhardwarecode_init
                0x00011ca8       0x44 ./bin/obj/modulhardwarecode.o
                0x00011ca8                modulhardwarecode_init
 .text.modulhardwarecode_adc_multiplex
                0x00011cec       0x3e ./bin/obj/modulhardwarecode.o
                0x00011cec                modulhardwarecode_adc_multiplex
 *fill*         0x00011d2a        0x2 
 .text.modulhardwarecode_cyclic
                0x00011d2c       0x50 ./bin/obj/modulhardwarecode.o
                0x00011d2c                modulhardwarecode_cyclic
 .text.sfl_db_change_intel_to_motorola_32_bit
                0x00011d7c       0x18 ./bin/obj/sfl_db.o
                0x00011d7c                sfl_db_change_intel_to_motorola_32_bit
 .text.sfl_db_put_signal_value_to_data_block
                0x00011d94       0xc2 ./bin/obj/sfl_db.o
                0x00011d94                sfl_db_put_signal_value_to_data_block
 .text.sfl_db_get_signal_value_from_data_block
                0x00011e56       0xc8 ./bin/obj/sfl_db.o
                0x00011e56                sfl_db_get_signal_value_from_data_block
 *fill*         0x00011f1e        0x2 
 .text.sfl_can_db_rx_fifo_init
                0x00011f20       0x18 ./bin/obj/sfl_can_db.o
                0x00011f20                sfl_can_db_rx_fifo_init
 .text.sfl_can_db_tx_fifo_init
                0x00011f38       0x18 ./bin/obj/sfl_can_db.o
                0x00011f38                sfl_can_db_tx_fifo_init
 .text.sfl_can_db_tx_callback
                0x00011f50       0x48 ./bin/obj/sfl_can_db.o
                0x00011f50                sfl_can_db_tx_callback
 .text.sfl_can_db_tx_fifo_cyclic
                0x00011f98       0x3c ./bin/obj/sfl_can_db.o
                0x00011f98                sfl_can_db_tx_fifo_cyclic
 .text.sfl_os_can_copy_msg
                0x00011fd4       0x52 ./bin/obj/sfl_can_db.o
                0x00011fd4                sfl_os_can_copy_msg
 *fill*         0x00012026        0x2 
 .text.sfl_can_db_rx_wrapper
                0x00012028       0x1c ./bin/obj/sfl_can_db.o
                0x00012028                sfl_can_db_rx_wrapper
 .text.sfl_can_db_tx_wrapper
                0x00012044       0x5c ./bin/obj/sfl_can_db.o
                0x00012044                sfl_can_db_tx_wrapper
 .text.sfl_can_input_block_to_db
                0x000120a0      0x1ac ./bin/obj/sfl_can_db.o
                0x000120a0                sfl_can_input_block_to_db
 .text.sfl_can_queue_in_process_bus
                0x0001224c       0x98 ./bin/obj/sfl_can_db.o
                0x0001224c                sfl_can_queue_in_process_bus
 .text.sfl_can_process_block_timeouts
                0x000122e4       0xf8 ./bin/obj/sfl_can_db.o
                0x000122e4                sfl_can_process_block_timeouts
 .text.sfl_can_queue_in_process
                0x000123dc       0x28 ./bin/obj/sfl_can_db.o
                0x000123dc                sfl_can_queue_in_process
 .text.sfl_can_db_output_to_bus
                0x00012404      0x24c ./bin/obj/sfl_can_db.o
                0x00012404                sfl_can_db_output_to_bus
 .text.set_callback_can_msg_receive
                0x00012650        0xc ./bin/obj/sfl_can_db.o
                0x00012650                set_callback_can_msg_receive
 .text.sfl_can_db_tables_data_init_baudrate
                0x0001265c      0x130 ./bin/obj/sfl_can_db_tables_data.o
                0x0001265c                sfl_can_db_tables_data_init_baudrate
 .text.sfl_can_db_tables_data_init
                0x0001278c       0x18 ./bin/obj/sfl_can_db_tables_data.o
                0x0001278c                sfl_can_db_tables_data_init
 .text.sfl_can_rx_int_enable
                0x000127a4       0x30 ./bin/obj/sfl_can_db_tables_data.o
                0x000127a4                sfl_can_rx_int_enable
 .text.sfl_can_get_handle
                0x000127d4       0x28 ./bin/obj/sfl_can_db_tables_data.o
                0x000127d4                sfl_can_get_handle
 .text.sfl_can_db_fifo_init
                0x000127fc       0x60 ./bin/obj/sfl_can_db_tables_data.o
                0x000127fc                sfl_can_db_fifo_init
 .text.sfl_can_db_config_mb_set_filter_mask
                0x0001285c       0x58 ./bin/obj/sfl_can_db_tables_data.o
                0x0001285c                sfl_can_db_config_mb_set_filter_mask
 .text.sfl_can_db_init
                0x000128b4      0x138 ./bin/obj/sfl_can_db_tables_data.o
                0x000128b4                sfl_can_db_init
 .text.sfl_timer_set_timestamp
                0x000129ec       0x20 ./bin/obj/sfl_timer.o
                0x000129ec                sfl_timer_set_timestamp
 .text.sfl_timer_get_time_elapsed
                0x00012a0c       0x38 ./bin/obj/sfl_timer.o
                0x00012a0c                sfl_timer_get_time_elapsed
 .text.sfl_timer_time_elapsed
                0x00012a44       0x38 ./bin/obj/sfl_timer.o
                0x00012a44                sfl_timer_time_elapsed
 .text.os_util_lookup1D
                0x00012a7c      0x108 ./bin/obj/sfl_math.o
                0x00012a7c                os_util_lookup1D
 .text.sfl_bl_protocol_s32k_transfer_msg_to_protocol
                0x00012b84       0x50 ./bin/obj/sfl_bl_protocol_s32k.o
 .text.sfl_bl_protocol_s32k_init
                0x00012bd4       0x18 ./bin/obj/sfl_bl_protocol_s32k.o
                0x00012bd4                sfl_bl_protocol_s32k_init
 .text.sfl_bl_protocol_s32k_is_msg_for_bl
                0x00012bec       0x1c ./bin/obj/sfl_bl_protocol_s32k.o
                0x00012bec                sfl_bl_protocol_s32k_is_msg_for_bl
 .text.sfl_bl_protocol_s32k_cyclic
                0x00012c08        0xa ./bin/obj/sfl_bl_protocol_s32k.o
                0x00012c08                sfl_bl_protocol_s32k_cyclic
 .text.sfl_bl_protocol_s32k_process_rx_msg
                0x00012c12       0x10 ./bin/obj/sfl_bl_protocol_s32k.o
                0x00012c12                sfl_bl_protocol_s32k_process_rx_msg
 *fill*         0x00012c22        0x2 
 .text.sfl_bl_protocol_s32k_rx_tx_init
                0x00012c24       0xc8 ./bin/obj/sfl_bl_protocol_s32k.o
                0x00012c24                sfl_bl_protocol_s32k_rx_tx_init
 .text.sfl_bl_protocol_s32k_set_baudrate
                0x00012cec      0x108 ./bin/obj/sfl_bl_protocol_s32k.o
                0x00012cec                sfl_bl_protocol_s32k_set_baudrate
 .text.sfl_fifo_init
                0x00012df4       0x28 ./bin/obj/sfl_fifo.o
                0x00012df4                sfl_fifo_init
 .text.sfl_fifo_put
                0x00012e1c       0x58 ./bin/obj/sfl_fifo.o
                0x00012e1c                sfl_fifo_put
 .text.sfl_fifo_get
                0x00012e74       0x52 ./bin/obj/sfl_fifo.o
                0x00012e74                sfl_fifo_get
 .text.sfl_fifo_get_preview
                0x00012ec6       0x34 ./bin/obj/sfl_fifo.o
                0x00012ec6                sfl_fifo_get_preview
 .text.sfl_fifo_remove
                0x00012efa       0x3a ./bin/obj/sfl_fifo.o
                0x00012efa                sfl_fifo_remove
 .text.pdb_init
                0x00012f34      0x190 ./bin/obj/adc_app.o
                0x00012f34                pdb_init
 .text.ADC_init
                0x000130c4      0x144 ./bin/obj/adc_app.o
                0x000130c4                ADC_init
 .text.ADC_IRQHandler
                0x00013208       0x60 ./bin/obj/adc_app.o
                0x00013208                ADC_IRQHandler
 .text.ADC1_IRQHandler
                0x00013268        0xc ./bin/obj/adc_app.o
                0x00013268                ADC1_IRQHandler
 .text.ADC2_IRQHandler
                0x00013274        0xc ./bin/obj/adc_app.o
                0x00013274                ADC2_IRQHandler
 .text.adc_get_counter
                0x00013280       0x20 ./bin/obj/adc_app.o
                0x00013280                adc_get_counter
 .text.adc_copy_results_from_interrupt
                0x000132a0       0x70 ./bin/obj/adc_app.o
                0x000132a0                adc_copy_results_from_interrupt
 .text.adc_processing
                0x00013310      0x194 ./bin/obj/adc_app.o
                0x00013310                adc_processing
 .text.CAN_Callback
                0x000134a4       0x90 ./bin/obj/can_app.o
                0x000134a4                CAN_Callback
 .text.CAN_Callback_Error
                0x00013534       0xdc ./bin/obj/can_app.o
                0x00013534                CAN_Callback_Error
 .text.ext_get_filter_and_mask
                0x00013610       0x1c ./bin/obj/can_app.o
                0x00013610                ext_get_filter_and_mask
 .text.user_can_init
                0x0001362c      0x1d0 ./bin/obj/can_app.o
                0x0001362c                user_can_init
 .text.FTM_IRQHandler
                0x000137fc       0x64 ./bin/obj/ftm_app.o
                0x000137fc                FTM_IRQHandler
 .text.FTM0_IRQHandler
                0x00013860       0x14 ./bin/obj/ftm_app.o
                0x00013860                FTM0_IRQHandler
 .text.FTM1_IRQHandler
                0x00013874       0x14 ./bin/obj/ftm_app.o
                0x00013874                FTM1_IRQHandler
 .text.FTM2_IRQHandler
                0x00013888       0x14 ./bin/obj/ftm_app.o
                0x00013888                FTM2_IRQHandler
 .text.FTM3_IRQHandler
                0x0001389c       0x14 ./bin/obj/ftm_app.o
                0x0001389c                FTM3_IRQHandler
 .text.FTM4_IRQHandler
                0x000138b0       0x14 ./bin/obj/ftm_app.o
                0x000138b0                FTM4_IRQHandler
 .text.FTM5_IRQHandler
                0x000138c4       0x14 ./bin/obj/ftm_app.o
                0x000138c4                FTM5_IRQHandler
 .text.FTM6_IRQHandler
                0x000138d8       0x14 ./bin/obj/ftm_app.o
                0x000138d8                FTM6_IRQHandler
 .text.FTM7_IRQHandler
                0x000138ec       0x14 ./bin/obj/ftm_app.o
                0x000138ec                FTM7_IRQHandler
 .text.lin_init_all
                0x00013900        0x2 ./bin/obj/lin_app.o
                0x00013900                lin_init_all
 .text.lin_cyclic
                0x00013902        0x2 ./bin/obj/lin_app.o
                0x00013902                lin_cyclic
 .text.supporting_driver_init
                0x00013904       0x2c ./bin/obj/main.o
                0x00013904                supporting_driver_init
 .text.main     0x00013930       0xcc ./bin/obj/main.o
                0x00013930                main
 .text.sci_init
                0x000139fc       0x44 ./bin/obj/sci_app.o
                0x000139fc                sci_init
 .text.user_sci_tx_empty_callback
                0x00013a40        0x2 ./bin/obj/sci_app.o
                0x00013a40                user_sci_tx_empty_callback
 .text.user_sci_transfer_complete_callback
                0x00013a42        0x2 ./bin/obj/sci_app.o
                0x00013a42                user_sci_transfer_complete_callback
 .text.UART_Callback
                0x00013a44       0x64 ./bin/obj/sci_app.o
                0x00013a44                UART_Callback
 .text.UART_Callback0
                0x00013aa8       0x10 ./bin/obj/sci_app.o
                0x00013aa8                UART_Callback0
 .text.UART_Callback1
                0x00013ab8       0x10 ./bin/obj/sci_app.o
                0x00013ab8                UART_Callback1
 .text.UART_Callback2
                0x00013ac8       0x10 ./bin/obj/sci_app.o
                0x00013ac8                UART_Callback2
 .text.user_eeprom_write_app_info
                0x00013ad8       0x94 ./bin/obj/user_api_eeprom.o
                0x00013ad8                user_eeprom_write_app_info
 .text.SystemInit
                0x00013b6c       0x4c ./bin/lib/40/S32K148_lib/lib_S32K148_sdk.a(system_S32K148.o)
                0x00013b6c                SystemInit
 .text.SystemCoreClockUpdate
                0x00013bb8       0x84 ./bin/lib/40/S32K148_lib/lib_S32K148_sdk.a(system_S32K148.o)
                0x00013bb8                SystemCoreClockUpdate
 .text.SystemSoftwareReset
                0x00013c3c       0x18 ./bin/lib/40/S32K148_lib/lib_S32K148_sdk.a(system_S32K148.o)
                0x00013c3c                SystemSoftwareReset
 .text.ADC_DRV_ConfigConverter
                0x00013c54      0x188 ./bin/lib/40/S32K148_lib/lib_S32K148_sdk.a(adc_driver.o)
                0x00013c54                ADC_DRV_ConfigConverter
 .text.ADC_DRV_ConfigChan
                0x00013ddc       0x5c ./bin/lib/40/S32K148_lib/lib_S32K148_sdk.a(adc_driver.o)
                0x00013ddc                ADC_DRV_ConfigChan
 .text.ADC_DRV_GetChanResult
                0x00013e38       0x18 ./bin/lib/40/S32K148_lib/lib_S32K148_sdk.a(adc_driver.o)
                0x00013e38                ADC_DRV_GetChanResult
 .text.ADC_DRV_AutoCalibration
                0x00013e50      0x154 ./bin/lib/40/S32K148_lib/lib_S32K148_sdk.a(adc_driver.o)
                0x00013e50                ADC_DRV_AutoCalibration
 .text.CLOCK_SYS_GetCurrentRunMode
                0x00013fa4       0x24 ./bin/lib/40/S32K148_lib/lib_S32K148_sdk.a(clock_S32K1xx.o)
 .text.CLOCK_SYS_GetSysOscFreq
                0x00013fc8       0x1c ./bin/lib/40/S32K148_lib/lib_S32K148_sdk.a(clock_S32K1xx.o)
 .text.CLOCK_SYS_ConfigureSOSC
                0x00013fe4      0x12c ./bin/lib/40/S32K148_lib/lib_S32K148_sdk.a(clock_S32K1xx.o)
 .text.CLOCK_SYS_GetSircFreq
                0x00014110       0x28 ./bin/lib/40/S32K148_lib/lib_S32K148_sdk.a(clock_S32K1xx.o)
 .text.CLOCK_SYS_ConfigureSIRC
                0x00014138       0xc4 ./bin/lib/40/S32K148_lib/lib_S32K148_sdk.a(clock_S32K1xx.o)
 .text.CLOCK_SYS_GetFircFreq
                0x000141fc       0x1c ./bin/lib/40/S32K148_lib/lib_S32K148_sdk.a(clock_S32K1xx.o)
 .text.CLOCK_SYS_ConfigureFIRC
                0x00014218       0xb8 ./bin/lib/40/S32K148_lib/lib_S32K148_sdk.a(clock_S32K1xx.o)
 .text.CLOCK_SYS_GetSysPllFreq
                0x000142d0       0x44 ./bin/lib/40/S32K148_lib/lib_S32K148_sdk.a(clock_S32K1xx.o)
 .text.CLOCK_SYS_ConfigureSPLL
                0x00014314      0x104 ./bin/lib/40/S32K148_lib/lib_S32K148_sdk.a(clock_S32K1xx.o)
 .text.CLOCK_SYS_SetSystemClockConfig
                0x00014418      0x1c8 ./bin/lib/40/S32K148_lib/lib_S32K148_sdk.a(clock_S32K1xx.o)
 .text.CLOCK_SYS_TransitionSystemClock
                0x000145e0       0x3c ./bin/lib/40/S32K148_lib/lib_S32K148_sdk.a(clock_S32K1xx.o)
 .text.CLOCK_SYS_GetSystemClockFreq
                0x0001461c       0x78 ./bin/lib/40/S32K148_lib/lib_S32K148_sdk.a(clock_S32K1xx.o)
 .text.CLOCK_SYS_GetQspiIpgClk
                0x00014694       0x28 ./bin/lib/40/S32K148_lib/lib_S32K148_sdk.a(clock_S32K1xx.o)
 .text.CLOCK_SYS_GetScgClkOutFreq
                0x000146bc       0x44 ./bin/lib/40/S32K148_lib/lib_S32K148_sdk.a(clock_S32K1xx.o)
 .text.CLOCK_SYS_GetSysAsyncFreq
                0x00014700       0xd0 ./bin/lib/40/S32K148_lib/lib_S32K148_sdk.a(clock_S32K1xx.o)
 .text.CLOCK_SYS_GetSimRtcClkFreq
                0x000147d0       0x50 ./bin/lib/40/S32K148_lib/lib_S32K148_sdk.a(clock_S32K1xx.o)
 .text.CLOCK_SYS_GetQSPIInternalReferenceClock
                0x00014820       0x38 ./bin/lib/40/S32K148_lib/lib_S32K148_sdk.a(clock_S32K1xx.o)
 .text.CLOCK_SYS_GetPeripheralClock
                0x00014858       0x78 ./bin/lib/40/S32K148_lib/lib_S32K148_sdk.a(clock_S32K1xx.o)
 .text.CLOCK_SYS_GetLpoFreq
                0x000148d0       0x44 ./bin/lib/40/S32K148_lib/lib_S32K148_sdk.a(clock_S32K1xx.o)
 .text.CLOCK_SYS_GetSimClkOutFreq
                0x00014914       0xc0 ./bin/lib/40/S32K148_lib/lib_S32K148_sdk.a(clock_S32K1xx.o)
 .text.CLOCK_DRV_Init
                0x000149d4      0x5a8 ./bin/lib/40/S32K148_lib/lib_S32K148_sdk.a(clock_S32K1xx.o)
                0x000149d4                CLOCK_DRV_Init
 .text.CLOCK_DRV_GetFreq
                0x00014f7c      0x498 ./bin/lib/40/S32K148_lib/lib_S32K148_sdk.a(clock_S32K1xx.o)
                0x00014f7c                CLOCK_DRV_GetFreq
 .text.CLOCK_SYS_Init
                0x00015414       0x1c ./bin/lib/40/S32K148_lib/lib_S32K148_sdk.a(clock_S32K1xx.o)
                0x00015414                CLOCK_SYS_Init
 .text.CLOCK_SYS_UpdateConfiguration
                0x00015430       0xf0 ./bin/lib/40/S32K148_lib/lib_S32K148_sdk.a(clock_S32K1xx.o)
                0x00015430                CLOCK_SYS_UpdateConfiguration
 .text.CLOCK_SYS_GetFreq
                0x00015520        0x8 ./bin/lib/40/S32K148_lib/lib_S32K148_sdk.a(clock_S32K1xx.o)
                0x00015520                CLOCK_SYS_GetFreq
 .text.EDMA_DRV_ClearStructure
                0x00015528       0x10 ./bin/lib/40/S32K148_lib/lib_S32K148_sdk.a(edma_driver.o)
 .text.EDMA_DRV_InstallCallback
                0x00015538       0x20 ./bin/lib/40/S32K148_lib/lib_S32K148_sdk.a(edma_driver.o)
                0x00015538                EDMA_DRV_InstallCallback
 .text.EDMA_DRV_IRQHandler
                0x00015558       0x2c ./bin/lib/40/S32K148_lib/lib_S32K148_sdk.a(edma_driver.o)
                0x00015558                EDMA_DRV_IRQHandler
 .text.EDMA_DRV_ErrorIRQHandler
                0x00015584       0x3c ./bin/lib/40/S32K148_lib/lib_S32K148_sdk.a(edma_driver.o)
                0x00015584                EDMA_DRV_ErrorIRQHandler
 .text.EDMA_DRV_ConfigSingleBlockTransfer
                0x000155c0      0x138 ./bin/lib/40/S32K148_lib/lib_S32K148_sdk.a(edma_driver.o)
                0x000155c0                EDMA_DRV_ConfigSingleBlockTransfer
 .text.EDMA_DRV_ConfigMultiBlockTransfer
                0x000156f8       0x64 ./bin/lib/40/S32K148_lib/lib_S32K148_sdk.a(edma_driver.o)
                0x000156f8                EDMA_DRV_ConfigMultiBlockTransfer
 .text.EDMA_DRV_StartChannel
                0x0001575c       0x18 ./bin/lib/40/S32K148_lib/lib_S32K148_sdk.a(edma_driver.o)
                0x0001575c                EDMA_DRV_StartChannel
 .text.EDMA_DRV_StopChannel
                0x00015774       0x18 ./bin/lib/40/S32K148_lib/lib_S32K148_sdk.a(edma_driver.o)
                0x00015774                EDMA_DRV_StopChannel
 .text.EDMA_DRV_SetChannelRequestAndTrigger
                0x0001578c       0x44 ./bin/lib/40/S32K148_lib/lib_S32K148_sdk.a(edma_driver.o)
                0x0001578c                EDMA_DRV_SetChannelRequestAndTrigger
 .text.EDMA_DRV_ChannelInit
                0x000157d0       0xa0 ./bin/lib/40/S32K148_lib/lib_S32K148_sdk.a(edma_driver.o)
                0x000157d0                EDMA_DRV_ChannelInit
 .text.EDMA_DRV_Init
                0x00015870       0xa8 ./bin/lib/40/S32K148_lib/lib_S32K148_sdk.a(edma_driver.o)
                0x00015870                EDMA_DRV_Init
 .text.EDMA_DRV_SetSrcLastAddrAdjustment
                0x00015918       0x16 ./bin/lib/40/S32K148_lib/lib_S32K148_sdk.a(edma_driver.o)
                0x00015918                EDMA_DRV_SetSrcLastAddrAdjustment
 .text.EDMA_DRV_SetDestAddr
                0x0001592e       0x16 ./bin/lib/40/S32K148_lib/lib_S32K148_sdk.a(edma_driver.o)
                0x0001592e                EDMA_DRV_SetDestAddr
 .text.EDMA_DRV_SetMajorLoopIterationCount
                0x00015944       0x14 ./bin/lib/40/S32K148_lib/lib_S32K148_sdk.a(edma_driver.o)
                0x00015944                EDMA_DRV_SetMajorLoopIterationCount
 .text.EDMA_DRV_GetDmaRegBaseAddr
                0x00015958        0x8 ./bin/lib/40/S32K148_lib/lib_S32K148_sdk.a(edma_driver.o)
                0x00015958                EDMA_DRV_GetDmaRegBaseAddr
 .text.EDMA_SetErrorIntCmd
                0x00015960        0xa ./bin/lib/40/S32K148_lib/lib_S32K148_sdk.a(edma_hw_access.o)
                0x00015960                EDMA_SetErrorIntCmd
 .text.EDMA_SetDmaRequestCmd
                0x0001596a        0xa ./bin/lib/40/S32K148_lib/lib_S32K148_sdk.a(edma_hw_access.o)
                0x0001596a                EDMA_SetDmaRequestCmd
 .text.EDMA_TCDClearReg
                0x00015974       0x4a ./bin/lib/40/S32K148_lib/lib_S32K148_sdk.a(edma_hw_access.o)
                0x00015974                EDMA_TCDClearReg
 .text.EDMA_Init
                0x000159be       0x22 ./bin/lib/40/S32K148_lib/lib_S32K148_sdk.a(edma_hw_access.o)
                0x000159be                EDMA_Init
 .text.EDMA_TCDSetAttribute
                0x000159e0       0x30 ./bin/lib/40/S32K148_lib/lib_S32K148_sdk.a(edma_hw_access.o)
                0x000159e0                EDMA_TCDSetAttribute
 .text.EDMA_TCDSetNbytes
                0x00015a10       0x5c ./bin/lib/40/S32K148_lib/lib_S32K148_sdk.a(edma_hw_access.o)
                0x00015a10                EDMA_TCDSetNbytes
 .text.EDMA_TCDSetMajorCount
                0x00015a6c       0x5e ./bin/lib/40/S32K148_lib/lib_S32K148_sdk.a(edma_hw_access.o)
                0x00015a6c                EDMA_TCDSetMajorCount
 .text.DMAMUX_Init
                0x00015aca        0xe ./bin/lib/40/S32K148_lib/lib_S32K148_sdk.a(edma_hw_access.o)
                0x00015aca                DMAMUX_Init
 .text.DMA0_IRQHandler
                0x00015ad8        0xa ./bin/lib/40/S32K148_lib/lib_S32K148_sdk.a(edma_irq.o)
                0x00015ad8                DMA0_IRQHandler
 .text.DMA1_IRQHandler
                0x00015ae2        0xa ./bin/lib/40/S32K148_lib/lib_S32K148_sdk.a(edma_irq.o)
                0x00015ae2                DMA1_IRQHandler
 .text.DMA2_IRQHandler
                0x00015aec        0xa ./bin/lib/40/S32K148_lib/lib_S32K148_sdk.a(edma_irq.o)
                0x00015aec                DMA2_IRQHandler
 .text.DMA3_IRQHandler
                0x00015af6        0xa ./bin/lib/40/S32K148_lib/lib_S32K148_sdk.a(edma_irq.o)
                0x00015af6                DMA3_IRQHandler
 .text.DMA4_IRQHandler
                0x00015b00        0xa ./bin/lib/40/S32K148_lib/lib_S32K148_sdk.a(edma_irq.o)
                0x00015b00                DMA4_IRQHandler
 .text.DMA5_IRQHandler
                0x00015b0a        0xa ./bin/lib/40/S32K148_lib/lib_S32K148_sdk.a(edma_irq.o)
                0x00015b0a                DMA5_IRQHandler
 .text.DMA6_IRQHandler
                0x00015b14        0xa ./bin/lib/40/S32K148_lib/lib_S32K148_sdk.a(edma_irq.o)
                0x00015b14                DMA6_IRQHandler
 .text.DMA7_IRQHandler
                0x00015b1e        0xa ./bin/lib/40/S32K148_lib/lib_S32K148_sdk.a(edma_irq.o)
                0x00015b1e                DMA7_IRQHandler
 .text.DMA8_IRQHandler
                0x00015b28        0xa ./bin/lib/40/S32K148_lib/lib_S32K148_sdk.a(edma_irq.o)
                0x00015b28                DMA8_IRQHandler
 .text.DMA9_IRQHandler
                0x00015b32        0xa ./bin/lib/40/S32K148_lib/lib_S32K148_sdk.a(edma_irq.o)
                0x00015b32                DMA9_IRQHandler
 .text.DMA10_IRQHandler
                0x00015b3c        0xa ./bin/lib/40/S32K148_lib/lib_S32K148_sdk.a(edma_irq.o)
                0x00015b3c                DMA10_IRQHandler
 .text.DMA11_IRQHandler
                0x00015b46        0xa ./bin/lib/40/S32K148_lib/lib_S32K148_sdk.a(edma_irq.o)
                0x00015b46                DMA11_IRQHandler
 .text.DMA12_IRQHandler
                0x00015b50        0xa ./bin/lib/40/S32K148_lib/lib_S32K148_sdk.a(edma_irq.o)
                0x00015b50                DMA12_IRQHandler
 .text.DMA13_IRQHandler
                0x00015b5a        0xa ./bin/lib/40/S32K148_lib/lib_S32K148_sdk.a(edma_irq.o)
                0x00015b5a                DMA13_IRQHandler
 .text.DMA14_IRQHandler
                0x00015b64        0xa ./bin/lib/40/S32K148_lib/lib_S32K148_sdk.a(edma_irq.o)
                0x00015b64                DMA14_IRQHandler
 .text.DMA15_IRQHandler
                0x00015b6e        0xa ./bin/lib/40/S32K148_lib/lib_S32K148_sdk.a(edma_irq.o)
                0x00015b6e                DMA15_IRQHandler
 .text.DMA_Error_IRQHandler
                0x00015b78       0x28 ./bin/lib/40/S32K148_lib/lib_S32K148_sdk.a(edma_irq.o)
                0x00015b78                DMA_Error_IRQHandler
 .text.FLASH_DRV_Init
                0x00015ba0       0xd8 ./bin/lib/40/S32K148_lib/lib_S32K148_sdk.a(flash_driver.o)
                0x00015ba0                FLASH_DRV_Init
 .text.FLASH_DRV_Program
                0x00015c78       0xb4 ./bin/lib/40/S32K148_lib/lib_S32K148_sdk.a(flash_driver.o)
                0x00015c78                FLASH_DRV_Program
 .text.FLASH_DRV_ProgramCheck
                0x00015d2c       0xe0 ./bin/lib/40/S32K148_lib/lib_S32K148_sdk.a(flash_driver.o)
                0x00015d2c                FLASH_DRV_ProgramCheck
 .text.FLASH_DRV_SetFlexRamFunction
                0x00015e0c       0x68 ./bin/lib/40/S32K148_lib/lib_S32K148_sdk.a(flash_driver.o)
                0x00015e0c                FLASH_DRV_SetFlexRamFunction
 .text.FLASH_DRV_EEEWrite
                0x00015e74       0xc8 ./bin/lib/40/S32K148_lib/lib_S32K148_sdk.a(flash_driver.o)
                0x00015e74                FLASH_DRV_EEEWrite
 .text.FLASH_DRV_DEFlashPartition
                0x00015f3c       0x3c ./bin/lib/40/S32K148_lib/lib_S32K148_sdk.a(flash_driver.o)
                0x00015f3c                FLASH_DRV_DEFlashPartition
 .text.FLEXCAN_StartSendData
                0x00015f78       0xa0 ./bin/lib/40/S32K148_lib/lib_S32K148_sdk.a(flexcan_driver.o)
 .text.FLEXCAN_StartRxMessageBufferData
                0x00016018       0x80 ./bin/lib/40/S32K148_lib/lib_S32K148_sdk.a(flexcan_driver.o)
 .text.FLEXCAN_CompleteRxMessageFifoData
                0x00016098       0xa8 ./bin/lib/40/S32K148_lib/lib_S32K148_sdk.a(flexcan_driver.o)
 .text.FLEXCAN_CompleteTransfer
                0x00016140       0x38 ./bin/lib/40/S32K148_lib/lib_S32K148_sdk.a(flexcan_driver.o)
 .text.FLEXCAN_DRV_SetBitrate
                0x00016178       0xa0 ./bin/lib/40/S32K148_lib/lib_S32K148_sdk.a(flexcan_driver.o)
                0x00016178                FLEXCAN_DRV_SetBitrate
 .text.FLEXCAN_DRV_SetBitrateCbt
                0x00016218       0x68 ./bin/lib/40/S32K148_lib/lib_S32K148_sdk.a(flexcan_driver.o)
                0x00016218                FLEXCAN_DRV_SetBitrateCbt
 .text.FLEXCAN_DRV_SetRxMaskType
                0x00016280       0x30 ./bin/lib/40/S32K148_lib/lib_S32K148_sdk.a(flexcan_driver.o)
                0x00016280                FLEXCAN_DRV_SetRxMaskType
 .text.FLEXCAN_DRV_SetRxIndividualMask
                0x000162b0      0x118 ./bin/lib/40/S32K148_lib/lib_S32K148_sdk.a(flexcan_driver.o)
                0x000162b0                FLEXCAN_DRV_SetRxIndividualMask
 .text.FLEXCAN_DRV_Init
                0x000163c8      0x2f4 ./bin/lib/40/S32K148_lib/lib_S32K148_sdk.a(flexcan_driver.o)
                0x000163c8                FLEXCAN_DRV_Init
 .text.FLEXCAN_DRV_ConfigTxMb
                0x000166bc       0x3c ./bin/lib/40/S32K148_lib/lib_S32K148_sdk.a(flexcan_driver.o)
                0x000166bc                FLEXCAN_DRV_ConfigTxMb
 .text.FLEXCAN_DRV_Send
                0x000166f8       0x34 ./bin/lib/40/S32K148_lib/lib_S32K148_sdk.a(flexcan_driver.o)
                0x000166f8                FLEXCAN_DRV_Send
 .text.FLEXCAN_DRV_ConfigRxMb
                0x0001672c       0x64 ./bin/lib/40/S32K148_lib/lib_S32K148_sdk.a(flexcan_driver.o)
                0x0001672c                FLEXCAN_DRV_ConfigRxMb
 .text.FLEXCAN_DRV_Receive
                0x00016790        0xa ./bin/lib/40/S32K148_lib/lib_S32K148_sdk.a(flexcan_driver.o)
                0x00016790                FLEXCAN_DRV_Receive
 *fill*         0x0001679a        0x2 
 .text.FLEXCAN_Error_IRQHandler
                0x0001679c       0x28 ./bin/lib/40/S32K148_lib/lib_S32K148_sdk.a(flexcan_driver.o)
                0x0001679c                FLEXCAN_Error_IRQHandler
 .text.FLEXCAN_WakeUpHandler
                0x000167c4       0x6c ./bin/lib/40/S32K148_lib/lib_S32K148_sdk.a(flexcan_driver.o)
                0x000167c4                FLEXCAN_WakeUpHandler
 .text.FLEXCAN_IRQHandler
                0x00016830      0x1c0 ./bin/lib/40/S32K148_lib/lib_S32K148_sdk.a(flexcan_driver.o)
                0x00016830                FLEXCAN_IRQHandler
 .text.FLEXCAN_DRV_GetTransferStatus
                0x000169f0       0x24 ./bin/lib/40/S32K148_lib/lib_S32K148_sdk.a(flexcan_driver.o)
                0x000169f0                FLEXCAN_DRV_GetTransferStatus
 .text.FLEXCAN_DRV_GetErrorStatus
                0x00016a14       0x10 ./bin/lib/40/S32K148_lib/lib_S32K148_sdk.a(flexcan_driver.o)
                0x00016a14                FLEXCAN_DRV_GetErrorStatus
 .text.FLEXCAN_DRV_AbortTransfer
                0x00016a24      0x14c ./bin/lib/40/S32K148_lib/lib_S32K148_sdk.a(flexcan_driver.o)
                0x00016a24                FLEXCAN_DRV_AbortTransfer
 .text.FLEXCAN_DRV_InstallEventCallback
                0x00016b70       0x14 ./bin/lib/40/S32K148_lib/lib_S32K148_sdk.a(flexcan_driver.o)
                0x00016b70                FLEXCAN_DRV_InstallEventCallback
 .text.FLEXCAN_DRV_InstallErrorCallback
                0x00016b84       0x94 ./bin/lib/40/S32K148_lib/lib_S32K148_sdk.a(flexcan_driver.o)
                0x00016b84                FLEXCAN_DRV_InstallErrorCallback
 .text.FLEXCAN_ComputePayloadSize
                0x00016c18       0x36 ./bin/lib/40/S32K148_lib/lib_S32K148_sdk.a(flexcan_hw_access.o)
 *fill*         0x00016c4e        0x2 
 .text.FLEXCAN_GetRxFifoMask
                0x00016c50       0x60 ./bin/lib/40/S32K148_lib/lib_S32K148_sdk.a(flexcan_hw_access.o)
                0x00016c50                FLEXCAN_GetRxFifoMask
 .text.FLEXCAN_GetMaxMbNum
                0x00016cb0       0x2c ./bin/lib/40/S32K148_lib/lib_S32K148_sdk.a(flexcan_hw_access.o)
                0x00016cb0                FLEXCAN_GetMaxMbNum
 .text.FLEXCAN_Enable
                0x00016cdc       0x2a ./bin/lib/40/S32K148_lib/lib_S32K148_sdk.a(flexcan_hw_access.o)
                0x00016cdc                FLEXCAN_Enable
 .text.FLEXCAN_Disable
                0x00016d06       0x18 ./bin/lib/40/S32K148_lib/lib_S32K148_sdk.a(flexcan_hw_access.o)
                0x00016d06                FLEXCAN_Disable
 *fill*         0x00016d1e        0x2 
 .text.FLEXCAN_Init
                0x00016d20       0x64 ./bin/lib/40/S32K148_lib/lib_S32K148_sdk.a(flexcan_hw_access.o)
                0x00016d20                FLEXCAN_Init
 .text.FLEXCAN_EnableRxFifo
                0x00016d84       0x50 ./bin/lib/40/S32K148_lib/lib_S32K148_sdk.a(flexcan_hw_access.o)
                0x00016d84                FLEXCAN_EnableRxFifo
 .text.FLEXCAN_SetMsgBuffIntCmd
                0x00016dd4       0x3a ./bin/lib/40/S32K148_lib/lib_S32K148_sdk.a(flexcan_hw_access.o)
                0x00016dd4                FLEXCAN_SetMsgBuffIntCmd
 .text.FLEXCAN_SetErrIntCmd
                0x00016e0e       0x58 ./bin/lib/40/S32K148_lib/lib_S32K148_sdk.a(flexcan_hw_access.o)
                0x00016e0e                FLEXCAN_SetErrIntCmd
 .text.FLEXCAN_ExitFreezeMode
                0x00016e66       0x1a ./bin/lib/40/S32K148_lib/lib_S32K148_sdk.a(flexcan_hw_access.o)
                0x00016e66                FLEXCAN_ExitFreezeMode
 .text.FLEXCAN_EnterFreezeMode
                0x00016e80       0x40 ./bin/lib/40/S32K148_lib/lib_S32K148_sdk.a(flexcan_hw_access.o)
                0x00016e80                FLEXCAN_EnterFreezeMode
 .text.FLEXCAN_ClearErrIntStatusFlag
                0x00016ec0       0x14 ./bin/lib/40/S32K148_lib/lib_S32K148_sdk.a(flexcan_hw_access.o)
                0x00016ec0                FLEXCAN_ClearErrIntStatusFlag
 .text.FLEXCAN_ReadRxFifo
                0x00016ed4       0x4c ./bin/lib/40/S32K148_lib/lib_S32K148_sdk.a(flexcan_hw_access.o)
                0x00016ed4                FLEXCAN_ReadRxFifo
 .text.FLEXCAN_SetOperationMode
                0x00016f20       0x5e ./bin/lib/40/S32K148_lib/lib_S32K148_sdk.a(flexcan_hw_access.o)
                0x00016f20                FLEXCAN_SetOperationMode
 .text.FLEXCAN_SetPayloadSize
                0x00016f7e       0x1a ./bin/lib/40/S32K148_lib/lib_S32K148_sdk.a(flexcan_hw_access.o)
                0x00016f7e                FLEXCAN_SetPayloadSize
 .text.FLEXCAN_GetPayloadSize
                0x00016f98       0x1e ./bin/lib/40/S32K148_lib/lib_S32K148_sdk.a(flexcan_hw_access.o)
                0x00016f98                FLEXCAN_GetPayloadSize
 .text.FLEXCAN_GetMsgBuffRegion
                0x00016fb6       0x30 ./bin/lib/40/S32K148_lib/lib_S32K148_sdk.a(flexcan_hw_access.o)
                0x00016fb6                FLEXCAN_GetMsgBuffRegion
 *fill*         0x00016fe6        0x2 
 .text.FLEXCAN_SetTxMsgBuff
                0x00016fe8      0x178 ./bin/lib/40/S32K148_lib/lib_S32K148_sdk.a(flexcan_hw_access.o)
                0x00016fe8                FLEXCAN_SetTxMsgBuff
 .text.FLEXCAN_AbortTxMsgBuff
                0x00017160       0x14 ./bin/lib/40/S32K148_lib/lib_S32K148_sdk.a(flexcan_hw_access.o)
                0x00017160                FLEXCAN_AbortTxMsgBuff
 .text.FLEXCAN_ResetRxMsgBuff
                0x00017174       0x16 ./bin/lib/40/S32K148_lib/lib_S32K148_sdk.a(flexcan_hw_access.o)
                0x00017174                FLEXCAN_ResetRxMsgBuff
 *fill*         0x0001718a        0x2 
 .text.FLEXCAN_SetRxMsgBuff
                0x0001718c       0xc8 ./bin/lib/40/S32K148_lib/lib_S32K148_sdk.a(flexcan_hw_access.o)
                0x0001718c                FLEXCAN_SetRxMsgBuff
 .text.FLEXCAN_GetMsgBuff
                0x00017254       0x90 ./bin/lib/40/S32K148_lib/lib_S32K148_sdk.a(flexcan_hw_access.o)
                0x00017254                FLEXCAN_GetMsgBuff
 .text.FLEXCAN_LockRxMsgBuff
                0x000172e4        0xa ./bin/lib/40/S32K148_lib/lib_S32K148_sdk.a(flexcan_hw_access.o)
                0x000172e4                FLEXCAN_LockRxMsgBuff
 .text.FLEXCAN_SetMaxMsgBuffNum
                0x000172ee       0x96 ./bin/lib/40/S32K148_lib/lib_S32K148_sdk.a(flexcan_hw_access.o)
                0x000172ee                FLEXCAN_SetMaxMsgBuffNum
 .text.CAN0_ORed_IRQHandler
                0x00017384        0xa ./bin/lib/40/S32K148_lib/lib_S32K148_sdk.a(flexcan_irq.o)
                0x00017384                CAN0_ORed_IRQHandler
 .text.CAN0_Error_IRQHandler
                0x0001738e        0xa ./bin/lib/40/S32K148_lib/lib_S32K148_sdk.a(flexcan_irq.o)
                0x0001738e                CAN0_Error_IRQHandler
 .text.CAN0_Wake_Up_IRQHandler
                0x00017398        0xa ./bin/lib/40/S32K148_lib/lib_S32K148_sdk.a(flexcan_irq.o)
                0x00017398                CAN0_Wake_Up_IRQHandler
 .text.CAN0_ORed_0_15_MB_IRQHandler
                0x000173a2        0xa ./bin/lib/40/S32K148_lib/lib_S32K148_sdk.a(flexcan_irq.o)
                0x000173a2                CAN0_ORed_0_15_MB_IRQHandler
 .text.CAN0_ORed_16_31_MB_IRQHandler
                0x000173ac        0xa ./bin/lib/40/S32K148_lib/lib_S32K148_sdk.a(flexcan_irq.o)
                0x000173ac                CAN0_ORed_16_31_MB_IRQHandler
 .text.CAN1_ORed_IRQHandler
                0x000173b6        0xa ./bin/lib/40/S32K148_lib/lib_S32K148_sdk.a(flexcan_irq.o)
                0x000173b6                CAN1_ORed_IRQHandler
 .text.CAN1_Error_IRQHandler
                0x000173c0        0xa ./bin/lib/40/S32K148_lib/lib_S32K148_sdk.a(flexcan_irq.o)
                0x000173c0                CAN1_Error_IRQHandler
 .text.CAN1_ORed_0_15_MB_IRQHandler
                0x000173ca        0xa ./bin/lib/40/S32K148_lib/lib_S32K148_sdk.a(flexcan_irq.o)
                0x000173ca                CAN1_ORed_0_15_MB_IRQHandler
 .text.CAN1_ORed_16_31_MB_IRQHandler
                0x000173d4        0xa ./bin/lib/40/S32K148_lib/lib_S32K148_sdk.a(flexcan_irq.o)
                0x000173d4                CAN1_ORed_16_31_MB_IRQHandler
 .text.CAN2_ORed_IRQHandler
                0x000173de        0xa ./bin/lib/40/S32K148_lib/lib_S32K148_sdk.a(flexcan_irq.o)
                0x000173de                CAN2_ORed_IRQHandler
 .text.CAN2_Error_IRQHandler
                0x000173e8        0xa ./bin/lib/40/S32K148_lib/lib_S32K148_sdk.a(flexcan_irq.o)
                0x000173e8                CAN2_Error_IRQHandler
 .text.CAN2_ORed_0_15_MB_IRQHandler
                0x000173f2        0xa ./bin/lib/40/S32K148_lib/lib_S32K148_sdk.a(flexcan_irq.o)
                0x000173f2                CAN2_ORed_0_15_MB_IRQHandler
 .text.CAN2_ORed_16_31_MB_IRQHandler
                0x000173fc        0xa ./bin/lib/40/S32K148_lib/lib_S32K148_sdk.a(flexcan_irq.o)
                0x000173fc                CAN2_ORed_16_31_MB_IRQHandler
 *fill*         0x00017406        0x2 
 .text.FTM_DRV_SetSync
                0x00017408      0x1b4 ./bin/lib/40/S32K148_lib/lib_S32K148_sdk.a(ftm_common.o)
                0x00017408                FTM_DRV_SetSync
 .text.FTM_DRV_ClearStatusFlags
                0x000175bc       0x8c ./bin/lib/40/S32K148_lib/lib_S32K148_sdk.a(ftm_common.o)
                0x000175bc                FTM_DRV_ClearStatusFlags
 .text.FTM_DRV_GetFrequency
                0x00017648       0x78 ./bin/lib/40/S32K148_lib/lib_S32K148_sdk.a(ftm_common.o)
                0x00017648                FTM_DRV_GetFrequency
 .text.FTM_DRV_Init
                0x000176c0       0xe4 ./bin/lib/40/S32K148_lib/lib_S32K148_sdk.a(ftm_common.o)
                0x000176c0                FTM_DRV_Init
 .text.FTM_DRV_ConvertFreqToPeriodTicks
                0x000177a4       0x14 ./bin/lib/40/S32K148_lib/lib_S32K148_sdk.a(ftm_common.o)
                0x000177a4                FTM_DRV_ConvertFreqToPeriodTicks
 .text.FTM_DRV_InitModule
                0x000177b8       0x18 ./bin/lib/40/S32K148_lib/lib_S32K148_sdk.a(ftm_hw_access.o)
                0x000177b8                FTM_DRV_InitModule
 .text.FTM_DRV_Reset
                0x000177d0       0x9c ./bin/lib/40/S32K148_lib/lib_S32K148_sdk.a(ftm_hw_access.o)
                0x000177d0                FTM_DRV_Reset
 .text.FTM_DRV_SetChnTriggerCmd
                0x0001786c       0x32 ./bin/lib/40/S32K148_lib/lib_S32K148_sdk.a(ftm_hw_access.o)
                0x0001786c                FTM_DRV_SetChnTriggerCmd
 .text.FTM_DRV_SetChnInputCaptureFilter
                0x0001789e       0x4e ./bin/lib/40/S32K148_lib/lib_S32K148_sdk.a(ftm_hw_access.o)
                0x0001789e                FTM_DRV_SetChnInputCaptureFilter
 .text.FTM_DRV_Overflow
                0x000178ec       0x54 ./bin/lib/40/S32K148_lib/lib_S32K148_sdk.a(ftm_ic_driver.o)
 .text.FTM_DRV_IrqHandler
                0x00017940      0x2c8 ./bin/lib/40/S32K148_lib/lib_S32K148_sdk.a(ftm_ic_driver.o)
 .text.FTM_DRV_InitInputCapture
                0x00017c08      0x2c0 ./bin/lib/40/S32K148_lib/lib_S32K148_sdk.a(ftm_ic_driver.o)
                0x00017c08                FTM_DRV_InitInputCapture
 .text.FTM0_Ch0_Ch1_IRQHandler
                0x00017ec8        0xc ./bin/lib/40/S32K148_lib/lib_S32K148_sdk.a(ftm_ic_driver.o)
                0x00017ec8                FTM0_Ch0_Ch1_IRQHandler
 .text.FTM0_Ch2_Ch3_IRQHandler
                0x00017ed4        0xc ./bin/lib/40/S32K148_lib/lib_S32K148_sdk.a(ftm_ic_driver.o)
                0x00017ed4                FTM0_Ch2_Ch3_IRQHandler
 .text.FTM0_Ch4_Ch5_IRQHandler
                0x00017ee0        0xc ./bin/lib/40/S32K148_lib/lib_S32K148_sdk.a(ftm_ic_driver.o)
                0x00017ee0                FTM0_Ch4_Ch5_IRQHandler
 .text.FTM0_Ch6_Ch7_IRQHandler
                0x00017eec        0xc ./bin/lib/40/S32K148_lib/lib_S32K148_sdk.a(ftm_ic_driver.o)
                0x00017eec                FTM0_Ch6_Ch7_IRQHandler
 .text.FTM1_Ch0_Ch1_IRQHandler
                0x00017ef8        0xc ./bin/lib/40/S32K148_lib/lib_S32K148_sdk.a(ftm_ic_driver.o)
                0x00017ef8                FTM1_Ch0_Ch1_IRQHandler
 .text.FTM1_Ch2_Ch3_IRQHandler
                0x00017f04        0xc ./bin/lib/40/S32K148_lib/lib_S32K148_sdk.a(ftm_ic_driver.o)
                0x00017f04                FTM1_Ch2_Ch3_IRQHandler
 .text.FTM1_Ch4_Ch5_IRQHandler
                0x00017f10        0xc ./bin/lib/40/S32K148_lib/lib_S32K148_sdk.a(ftm_ic_driver.o)
                0x00017f10                FTM1_Ch4_Ch5_IRQHandler
 .text.FTM1_Ch6_Ch7_IRQHandler
                0x00017f1c        0xc ./bin/lib/40/S32K148_lib/lib_S32K148_sdk.a(ftm_ic_driver.o)
                0x00017f1c                FTM1_Ch6_Ch7_IRQHandler
 .text.FTM0_Ovf_Reload_IRQHandler
                0x00017f28       0x1c ./bin/lib/40/S32K148_lib/lib_S32K148_sdk.a(ftm_ic_driver.o)
                0x00017f28                FTM0_Ovf_Reload_IRQHandler
 .text.FTM1_Ovf_Reload_IRQHandler
                0x00017f44       0x1c ./bin/lib/40/S32K148_lib/lib_S32K148_sdk.a(ftm_ic_driver.o)
                0x00017f44                FTM1_Ovf_Reload_IRQHandler
 .text.FTM2_Ch0_Ch1_IRQHandler
                0x00017f60        0xc ./bin/lib/40/S32K148_lib/lib_S32K148_sdk.a(ftm_ic_driver.o)
                0x00017f60                FTM2_Ch0_Ch1_IRQHandler
 .text.FTM2_Ch2_Ch3_IRQHandler
                0x00017f6c        0xc ./bin/lib/40/S32K148_lib/lib_S32K148_sdk.a(ftm_ic_driver.o)
                0x00017f6c                FTM2_Ch2_Ch3_IRQHandler
 .text.FTM2_Ch4_Ch5_IRQHandler
                0x00017f78        0xc ./bin/lib/40/S32K148_lib/lib_S32K148_sdk.a(ftm_ic_driver.o)
                0x00017f78                FTM2_Ch4_Ch5_IRQHandler
 .text.FTM2_Ch6_Ch7_IRQHandler
                0x00017f84        0xc ./bin/lib/40/S32K148_lib/lib_S32K148_sdk.a(ftm_ic_driver.o)
                0x00017f84                FTM2_Ch6_Ch7_IRQHandler
 .text.FTM3_Ch0_Ch1_IRQHandler
                0x00017f90        0xc ./bin/lib/40/S32K148_lib/lib_S32K148_sdk.a(ftm_ic_driver.o)
                0x00017f90                FTM3_Ch0_Ch1_IRQHandler
 .text.FTM3_Ch2_Ch3_IRQHandler
                0x00017f9c        0xc ./bin/lib/40/S32K148_lib/lib_S32K148_sdk.a(ftm_ic_driver.o)
                0x00017f9c                FTM3_Ch2_Ch3_IRQHandler
 .text.FTM3_Ch4_Ch5_IRQHandler
                0x00017fa8        0xc ./bin/lib/40/S32K148_lib/lib_S32K148_sdk.a(ftm_ic_driver.o)
                0x00017fa8                FTM3_Ch4_Ch5_IRQHandler
 .text.FTM3_Ch6_Ch7_IRQHandler
                0x00017fb4        0xc ./bin/lib/40/S32K148_lib/lib_S32K148_sdk.a(ftm_ic_driver.o)
                0x00017fb4                FTM3_Ch6_Ch7_IRQHandler
 .text.FTM2_Ovf_Reload_IRQHandler
                0x00017fc0       0x1c ./bin/lib/40/S32K148_lib/lib_S32K148_sdk.a(ftm_ic_driver.o)
                0x00017fc0                FTM2_Ovf_Reload_IRQHandler
 .text.FTM3_Ovf_Reload_IRQHandler
                0x00017fdc       0x1c ./bin/lib/40/S32K148_lib/lib_S32K148_sdk.a(ftm_ic_driver.o)
                0x00017fdc                FTM3_Ovf_Reload_IRQHandler
 .text.FTM4_Ch0_Ch1_IRQHandler
                0x00017ff8        0xc ./bin/lib/40/S32K148_lib/lib_S32K148_sdk.a(ftm_ic_driver.o)
                0x00017ff8                FTM4_Ch0_Ch1_IRQHandler
 .text.FTM4_Ch2_Ch3_IRQHandler
                0x00018004        0xc ./bin/lib/40/S32K148_lib/lib_S32K148_sdk.a(ftm_ic_driver.o)
                0x00018004                FTM4_Ch2_Ch3_IRQHandler
 .text.FTM4_Ch4_Ch5_IRQHandler
                0x00018010        0xc ./bin/lib/40/S32K148_lib/lib_S32K148_sdk.a(ftm_ic_driver.o)
                0x00018010                FTM4_Ch4_Ch5_IRQHandler
 .text.FTM4_Ch6_Ch7_IRQHandler
                0x0001801c        0xc ./bin/lib/40/S32K148_lib/lib_S32K148_sdk.a(ftm_ic_driver.o)
                0x0001801c                FTM4_Ch6_Ch7_IRQHandler
 .text.FTM5_Ch0_Ch1_IRQHandler
                0x00018028        0xc ./bin/lib/40/S32K148_lib/lib_S32K148_sdk.a(ftm_ic_driver.o)
                0x00018028                FTM5_Ch0_Ch1_IRQHandler
 .text.FTM5_Ch2_Ch3_IRQHandler
                0x00018034        0xc ./bin/lib/40/S32K148_lib/lib_S32K148_sdk.a(ftm_ic_driver.o)
                0x00018034                FTM5_Ch2_Ch3_IRQHandler
 .text.FTM5_Ch4_Ch5_IRQHandler
                0x00018040        0xc ./bin/lib/40/S32K148_lib/lib_S32K148_sdk.a(ftm_ic_driver.o)
                0x00018040                FTM5_Ch4_Ch5_IRQHandler
 .text.FTM5_Ch6_Ch7_IRQHandler
                0x0001804c        0xc ./bin/lib/40/S32K148_lib/lib_S32K148_sdk.a(ftm_ic_driver.o)
                0x0001804c                FTM5_Ch6_Ch7_IRQHandler
 .text.FTM4_Ovf_Reload_IRQHandler
                0x00018058       0x1c ./bin/lib/40/S32K148_lib/lib_S32K148_sdk.a(ftm_ic_driver.o)
                0x00018058                FTM4_Ovf_Reload_IRQHandler
 .text.FTM5_Ovf_Reload_IRQHandler
                0x00018074       0x1c ./bin/lib/40/S32K148_lib/lib_S32K148_sdk.a(ftm_ic_driver.o)
                0x00018074                FTM5_Ovf_Reload_IRQHandler
 .text.FTM6_Ch0_Ch1_IRQHandler
                0x00018090        0xc ./bin/lib/40/S32K148_lib/lib_S32K148_sdk.a(ftm_ic_driver.o)
                0x00018090                FTM6_Ch0_Ch1_IRQHandler
 .text.FTM6_Ch2_Ch3_IRQHandler
                0x0001809c        0xc ./bin/lib/40/S32K148_lib/lib_S32K148_sdk.a(ftm_ic_driver.o)
                0x0001809c                FTM6_Ch2_Ch3_IRQHandler
 .text.FTM6_Ch4_Ch5_IRQHandler
                0x000180a8        0xc ./bin/lib/40/S32K148_lib/lib_S32K148_sdk.a(ftm_ic_driver.o)
                0x000180a8                FTM6_Ch4_Ch5_IRQHandler
 .text.FTM6_Ch6_Ch7_IRQHandler
                0x000180b4        0xc ./bin/lib/40/S32K148_lib/lib_S32K148_sdk.a(ftm_ic_driver.o)
                0x000180b4                FTM6_Ch6_Ch7_IRQHandler
 .text.FTM7_Ch0_Ch1_IRQHandler
                0x000180c0        0xc ./bin/lib/40/S32K148_lib/lib_S32K148_sdk.a(ftm_ic_driver.o)
                0x000180c0                FTM7_Ch0_Ch1_IRQHandler
 .text.FTM7_Ch2_Ch3_IRQHandler
                0x000180cc        0xc ./bin/lib/40/S32K148_lib/lib_S32K148_sdk.a(ftm_ic_driver.o)
                0x000180cc                FTM7_Ch2_Ch3_IRQHandler
 .text.FTM7_Ch4_Ch5_IRQHandler
                0x000180d8        0xc ./bin/lib/40/S32K148_lib/lib_S32K148_sdk.a(ftm_ic_driver.o)
                0x000180d8                FTM7_Ch4_Ch5_IRQHandler
 .text.FTM7_Ch6_Ch7_IRQHandler
                0x000180e4        0xc ./bin/lib/40/S32K148_lib/lib_S32K148_sdk.a(ftm_ic_driver.o)
                0x000180e4                FTM7_Ch6_Ch7_IRQHandler
 .text.FTM6_Ovf_Reload_IRQHandler
                0x000180f0       0x1c ./bin/lib/40/S32K148_lib/lib_S32K148_sdk.a(ftm_ic_driver.o)
                0x000180f0                FTM6_Ovf_Reload_IRQHandler
 .text.FTM7_Ovf_Reload_IRQHandler
                0x0001810c       0x1c ./bin/lib/40/S32K148_lib/lib_S32K148_sdk.a(ftm_ic_driver.o)
                0x0001810c                FTM7_Ovf_Reload_IRQHandler
 .text.FTM_DRV_UpdatePwmChannel
                0x00018128       0xf8 ./bin/lib/40/S32K148_lib/lib_S32K148_sdk.a(ftm_pwm_driver.o)
                0x00018128                FTM_DRV_UpdatePwmChannel
 .text.FTM_DRV_InitPwm
                0x00018220      0x63c ./bin/lib/40/S32K148_lib/lib_S32K148_sdk.a(ftm_pwm_driver.o)
                0x00018220                FTM_DRV_InitPwm
 .text.INT_SYS_InstallHandler
                0x0001885c       0x30 ./bin/lib/40/S32K148_lib/lib_S32K148_sdk.a(interrupt_manager.o)
                0x0001885c                INT_SYS_InstallHandler
 .text.INT_SYS_EnableIRQ
                0x0001888c       0x18 ./bin/lib/40/S32K148_lib/lib_S32K148_sdk.a(interrupt_manager.o)
                0x0001888c                INT_SYS_EnableIRQ
 .text.INT_SYS_DisableIRQ
                0x000188a4       0x1c ./bin/lib/40/S32K148_lib/lib_S32K148_sdk.a(interrupt_manager.o)
                0x000188a4                INT_SYS_DisableIRQ
 .text.INT_SYS_EnableIRQGlobal
                0x000188c0       0x1c ./bin/lib/40/S32K148_lib/lib_S32K148_sdk.a(interrupt_manager.o)
                0x000188c0                INT_SYS_EnableIRQGlobal
 .text.INT_SYS_DisableIRQGlobal
                0x000188dc       0x10 ./bin/lib/40/S32K148_lib/lib_S32K148_sdk.a(interrupt_manager.o)
                0x000188dc                INT_SYS_DisableIRQGlobal
 .text.INT_SYS_SetPriority
                0x000188ec       0x58 ./bin/lib/40/S32K148_lib/lib_S32K148_sdk.a(interrupt_manager.o)
                0x000188ec                INT_SYS_SetPriority
 .text.INT_SYS_ClearPending
                0x00018944       0x1c ./bin/lib/40/S32K148_lib/lib_S32K148_sdk.a(interrupt_manager.o)
                0x00018944                INT_SYS_ClearPending
 .text.LPI2C_DRV_MasterQueueData
                0x00018960       0x4c ./bin/lib/40/S32K148_lib/lib_S32K148_sdk.a(lpi2c_driver.o)
 .text.LPI2C_DRV_SlaveEndTransfer
                0x000189ac       0x4e ./bin/lib/40/S32K148_lib/lib_S32K148_sdk.a(lpi2c_driver.o)
 .text.LPI2C_DRV_MasterEndTransfer
                0x000189fa       0x68 ./bin/lib/40/S32K148_lib/lib_S32K148_sdk.a(lpi2c_driver.o)
 .text.LPI2C_DRV_SlaveEndTransferHandler
                0x00018a62       0x3a ./bin/lib/40/S32K148_lib/lib_S32K148_sdk.a(lpi2c_driver.o)
 .text.LPI2C_DRV_ConfigureDmaTransfer
                0x00018a9c       0x68 ./bin/lib/40/S32K148_lib/lib_S32K148_sdk.a(lpi2c_driver.o)
 .text.LPI2C_DRV_SlaveStartDmaTransfer
                0x00018b04       0x9c ./bin/lib/40/S32K148_lib/lib_S32K148_sdk.a(lpi2c_driver.o)
 .text.LPI2C_DRV_MasterSetBaudRate
                0x00018ba0      0x148 ./bin/lib/40/S32K148_lib/lib_S32K148_sdk.a(lpi2c_driver.o)
                0x00018ba0                LPI2C_DRV_MasterSetBaudRate
 .text.LPI2C_DRV_MasterReinit
                0x00018ce8       0x60 ./bin/lib/40/S32K148_lib/lib_S32K148_sdk.a(lpi2c_driver.o)
 .text.LPI2C_DRV_MasterIRQHandler
                0x00018d48      0x22c ./bin/lib/40/S32K148_lib/lib_S32K148_sdk.a(lpi2c_driver.o)
                0x00018d48                LPI2C_DRV_MasterIRQHandler
 .text.LPI2C_DRV_SlaveIRQHandler
                0x00018f74      0x1b8 ./bin/lib/40/S32K148_lib/lib_S32K148_sdk.a(lpi2c_driver.o)
                0x00018f74                LPI2C_DRV_SlaveIRQHandler
 .text.LPI2C_Init
                0x0001912c       0x1e ./bin/lib/40/S32K148_lib/lib_S32K148_sdk.a(lpi2c_hw_access.o)
                0x0001912c                LPI2C_Init
 .text.LPI2C0_Master_IRQHandler
                0x0001914a        0xa ./bin/lib/40/S32K148_lib/lib_S32K148_sdk.a(lpi2c_irq.o)
                0x0001914a                LPI2C0_Master_IRQHandler
 .text.LPI2C0_Slave_IRQHandler
                0x00019154        0xa ./bin/lib/40/S32K148_lib/lib_S32K148_sdk.a(lpi2c_irq.o)
                0x00019154                LPI2C0_Slave_IRQHandler
 .text.LPI2C1_Master_IRQHandler
                0x0001915e        0xa ./bin/lib/40/S32K148_lib/lib_S32K148_sdk.a(lpi2c_irq.o)
                0x0001915e                LPI2C1_Master_IRQHandler
 .text.LPI2C1_Slave_IRQHandler
                0x00019168        0xa ./bin/lib/40/S32K148_lib/lib_S32K148_sdk.a(lpi2c_irq.o)
                0x00019168                LPI2C1_Slave_IRQHandler
 .text.LPSPI_SetFlushFifoCmd
                0x00019172        0xe ./bin/lib/40/S32K148_lib/lib_S32K148_sdk.a(lpspi_hw_access.o)
                0x00019172                LPSPI_SetFlushFifoCmd
 .text.LPSPI_ClearStatusFlag
                0x00019180       0x1e ./bin/lib/40/S32K148_lib/lib_S32K148_sdk.a(lpspi_hw_access.o)
                0x00019180                LPSPI_ClearStatusFlag
 .text.LPSPI0_IRQHandler
                0x0001919e        0xa ./bin/lib/40/S32K148_lib/lib_S32K148_sdk.a(lpspi_irq.o)
                0x0001919e                LPSPI0_IRQHandler
 .text.LPSPI1_IRQHandler
                0x000191a8        0xa ./bin/lib/40/S32K148_lib/lib_S32K148_sdk.a(lpspi_irq.o)
                0x000191a8                LPSPI1_IRQHandler
 .text.LPSPI2_IRQHandler
                0x000191b2        0xa ./bin/lib/40/S32K148_lib/lib_S32K148_sdk.a(lpspi_irq.o)
                0x000191b2                LPSPI2_IRQHandler
 .text.LPSPI_DRV_MasterCompleteTransfer
                0x000191bc       0x78 ./bin/lib/40/S32K148_lib/lib_S32K148_sdk.a(lpspi_master_driver.o)
 .text.LPSPI_DRV_MasterAbortTransfer
                0x00019234       0x28 ./bin/lib/40/S32K148_lib/lib_S32K148_sdk.a(lpspi_master_driver.o)
                0x00019234                LPSPI_DRV_MasterAbortTransfer
 .text.LPSPI_DRV_MasterIRQHandler
                0x0001925c       0xb4 ./bin/lib/40/S32K148_lib/lib_S32K148_sdk.a(lpspi_master_driver.o)
                0x0001925c                LPSPI_DRV_MasterIRQHandler
 .text.LPSPI_DRV_SlaveAbortTransfer
                0x00019310       0x74 ./bin/lib/40/S32K148_lib/lib_S32K148_sdk.a(lpspi_slave_driver.o)
                0x00019310                LPSPI_DRV_SlaveAbortTransfer
 .text.LPSPI_DRV_SlaveIRQHandler
                0x00019384       0xdc ./bin/lib/40/S32K148_lib/lib_S32K148_sdk.a(lpspi_slave_driver.o)
                0x00019384                LPSPI_DRV_SlaveIRQHandler
 .text.LPSPI_DRV_IRQHandler
                0x00019460       0x28 ./bin/lib/40/S32K148_lib/lib_S32K148_sdk.a(lpspi_shared_function.o)
                0x00019460                LPSPI_DRV_IRQHandler
 .text.LPSPI_DRV_FillupTxBuffer
                0x00019488       0xc0 ./bin/lib/40/S32K148_lib/lib_S32K148_sdk.a(lpspi_shared_function.o)
                0x00019488                LPSPI_DRV_FillupTxBuffer
 .text.LPSPI_DRV_ReadRXBuffer
                0x00019548       0x88 ./bin/lib/40/S32K148_lib/lib_S32K148_sdk.a(lpspi_shared_function.o)
                0x00019548                LPSPI_DRV_ReadRXBuffer
 .text.LPSPI_DRV_DisableTEIEInterrupts
                0x000195d0       0x30 ./bin/lib/40/S32K148_lib/lib_S32K148_sdk.a(lpspi_shared_function.o)
                0x000195d0                LPSPI_DRV_DisableTEIEInterrupts
 .text.LPUART_DRV_CompleteSendDataUsingInt
                0x00019600       0x64 ./bin/lib/40/S32K148_lib/lib_S32K148_sdk.a(lpuart_driver.o)
 .text.LPUART_DRV_StopTxDma
                0x00019664       0x64 ./bin/lib/40/S32K148_lib/lib_S32K148_sdk.a(lpuart_driver.o)
 .text.LPUART_DRV_PutData
                0x000196c8       0x44 ./bin/lib/40/S32K148_lib/lib_S32K148_sdk.a(lpuart_driver.o)
 .text.LPUART_DRV_StartReceiveDataUsingInt
                0x0001970c       0x44 ./bin/lib/40/S32K148_lib/lib_S32K148_sdk.a(lpuart_driver.o)
 .text.LPUART_DRV_StartReceiveDataUsingDma
                0x00019750       0x88 ./bin/lib/40/S32K148_lib/lib_S32K148_sdk.a(lpuart_driver.o)
 .text.LPUART_DRV_CompleteReceiveDataUsingInt
                0x000197d8       0x50 ./bin/lib/40/S32K148_lib/lib_S32K148_sdk.a(lpuart_driver.o)
 .text.LPUART_DRV_StopRxDma
                0x00019828       0x54 ./bin/lib/40/S32K148_lib/lib_S32K148_sdk.a(lpuart_driver.o)
 .text.LPUART_DRV_RxDmaCallback
                0x0001987c       0xa0 ./bin/lib/40/S32K148_lib/lib_S32K148_sdk.a(lpuart_driver.o)
 .text.LPUART_DRV_GetData
                0x0001991c       0x5c ./bin/lib/40/S32K148_lib/lib_S32K148_sdk.a(lpuart_driver.o)
 .text.LPUART_DRV_InstallRxCallback
                0x00019978       0x14 ./bin/lib/40/S32K148_lib/lib_S32K148_sdk.a(lpuart_driver.o)
                0x00019978                LPUART_DRV_InstallRxCallback
 .text.LPUART_DRV_InstallTxCallback
                0x0001998c       0x14 ./bin/lib/40/S32K148_lib/lib_S32K148_sdk.a(lpuart_driver.o)
                0x0001998c                LPUART_DRV_InstallTxCallback
 .text.LPUART_DRV_ReceiveData
                0x000199a0       0x24 ./bin/lib/40/S32K148_lib/lib_S32K148_sdk.a(lpuart_driver.o)
                0x000199a0                LPUART_DRV_ReceiveData
 .text.LPUART_DRV_SetBaudRate
                0x000199c4       0xd4 ./bin/lib/40/S32K148_lib/lib_S32K148_sdk.a(lpuart_driver.o)
                0x000199c4                LPUART_DRV_SetBaudRate
 .text.LPUART_DRV_Init
                0x00019a98      0x100 ./bin/lib/40/S32K148_lib/lib_S32K148_sdk.a(lpuart_driver.o)
                0x00019a98                LPUART_DRV_Init
 .text.LPUART_DRV_SetRxBuffer
                0x00019b98       0x14 ./bin/lib/40/S32K148_lib/lib_S32K148_sdk.a(lpuart_driver.o)
                0x00019b98                LPUART_DRV_SetRxBuffer
 .text.LPUART_DRV_IRQHandler
                0x00019bac      0x2c8 ./bin/lib/40/S32K148_lib/lib_S32K148_sdk.a(lpuart_driver.o)
                0x00019bac                LPUART_DRV_IRQHandler
 .text.LIN_MRS_DRV_IRQHandler
                0x00019e74      0x13c ./bin/lib/40/S32K148_lib/lib_S32K148_sdk.a(lpuart_driver_mrs_lin.o)
                0x00019e74                LIN_MRS_DRV_IRQHandler
 .text.LIN_MRS_DRV_LinIsActive
                0x00019fb0        0xc ./bin/lib/40/S32K148_lib/lib_S32K148_sdk.a(lpuart_driver_mrs_lin.o)
                0x00019fb0                LIN_MRS_DRV_LinIsActive
 .text.LPUART_Init
                0x00019fbc       0x24 ./bin/lib/40/S32K148_lib/lib_S32K148_sdk.a(lpuart_hw_access.o)
                0x00019fbc                LPUART_Init
 .text.LPUART_SetBitCountPerChar
                0x00019fe0       0x30 ./bin/lib/40/S32K148_lib/lib_S32K148_sdk.a(lpuart_hw_access.o)
                0x00019fe0                LPUART_SetBitCountPerChar
 .text.LPUART_SetParityMode
                0x0001a010       0x1e ./bin/lib/40/S32K148_lib/lib_S32K148_sdk.a(lpuart_hw_access.o)
                0x0001a010                LPUART_SetParityMode
 .text.LPUART_Putchar9
                0x0001a02e       0x16 ./bin/lib/40/S32K148_lib/lib_S32K148_sdk.a(lpuart_hw_access.o)
                0x0001a02e                LPUART_Putchar9
 .text.LPUART_Putchar10
                0x0001a044       0x22 ./bin/lib/40/S32K148_lib/lib_S32K148_sdk.a(lpuart_hw_access.o)
                0x0001a044                LPUART_Putchar10
 .text.LPUART_Getchar9
                0x0001a066       0x12 ./bin/lib/40/S32K148_lib/lib_S32K148_sdk.a(lpuart_hw_access.o)
                0x0001a066                LPUART_Getchar9
 .text.LPUART_Getchar10
                0x0001a078       0x1e ./bin/lib/40/S32K148_lib/lib_S32K148_sdk.a(lpuart_hw_access.o)
                0x0001a078                LPUART_Getchar10
 .text.LPUART_SetIntMode
                0x0001a096       0x70 ./bin/lib/40/S32K148_lib/lib_S32K148_sdk.a(lpuart_hw_access.o)
                0x0001a096                LPUART_SetIntMode
 .text.LPUART_GetIntMode
                0x0001a106       0x52 ./bin/lib/40/S32K148_lib/lib_S32K148_sdk.a(lpuart_hw_access.o)
                0x0001a106                LPUART_GetIntMode
 .text.LPUART_GetStatusFlag
                0x0001a158       0x50 ./bin/lib/40/S32K148_lib/lib_S32K148_sdk.a(lpuart_hw_access.o)
                0x0001a158                LPUART_GetStatusFlag
 .text.LPUART_ClearStatusFlag
                0x0001a1a8      0x13c ./bin/lib/40/S32K148_lib/lib_S32K148_sdk.a(lpuart_hw_access.o)
                0x0001a1a8                LPUART_ClearStatusFlag
 .text.LPUART_SetErrorInterrupts
                0x0001a2e4       0x4c ./bin/lib/40/S32K148_lib/lib_S32K148_sdk.a(lpuart_hw_access.o)
                0x0001a2e4                LPUART_SetErrorInterrupts
 .text.LPUART0_IrqHandler
                0x0001a330       0x1a ./bin/lib/40/S32K148_lib/lib_S32K148_sdk.a(lpuart_irq.o)
                0x0001a330                LPUART0_IrqHandler
 .text.LPUART1_IrqHandler
                0x0001a34a       0x1a ./bin/lib/40/S32K148_lib/lib_S32K148_sdk.a(lpuart_irq.o)
                0x0001a34a                LPUART1_IrqHandler
 .text.LPUART2_IrqHandler
                0x0001a364       0x1a ./bin/lib/40/S32K148_lib/lib_S32K148_sdk.a(lpuart_irq.o)
                0x0001a364                LPUART2_IrqHandler
 *fill*         0x0001a37e        0x2 
 .text.PDB_DRV_Init
                0x0001a380       0x70 ./bin/lib/40/S32K148_lib/lib_S32K148_sdk.a(pdb_driver.o)
                0x0001a380                PDB_DRV_Init
 .text.PDB_DRV_Enable
                0x0001a3f0       0x14 ./bin/lib/40/S32K148_lib/lib_S32K148_sdk.a(pdb_driver.o)
                0x0001a3f0                PDB_DRV_Enable
 .text.PDB_DRV_SoftTriggerCmd
                0x0001a404       0x14 ./bin/lib/40/S32K148_lib/lib_S32K148_sdk.a(pdb_driver.o)
                0x0001a404                PDB_DRV_SoftTriggerCmd
 .text.PDB_DRV_LoadValuesCmd
                0x0001a418       0x14 ./bin/lib/40/S32K148_lib/lib_S32K148_sdk.a(pdb_driver.o)
                0x0001a418                PDB_DRV_LoadValuesCmd
 .text.PDB_DRV_SetTimerModulusValue
                0x0001a42c       0x18 ./bin/lib/40/S32K148_lib/lib_S32K148_sdk.a(pdb_driver.o)
                0x0001a42c                PDB_DRV_SetTimerModulusValue
 .text.PDB_DRV_ConfigAdcPreTrigger
                0x0001a444       0x44 ./bin/lib/40/S32K148_lib/lib_S32K148_sdk.a(pdb_driver.o)
                0x0001a444                PDB_DRV_ConfigAdcPreTrigger
 .text.PDB_DRV_SetAdcPreTriggerDelayValue
                0x0001a488       0x24 ./bin/lib/40/S32K148_lib/lib_S32K148_sdk.a(pdb_driver.o)
                0x0001a488                PDB_DRV_SetAdcPreTriggerDelayValue
 .text.PDB_Init
                0x0001a4ac       0x62 ./bin/lib/40/S32K148_lib/lib_S32K148_sdk.a(pdb_hw_access.o)
                0x0001a4ac                PDB_Init
 *fill*         0x0001a50e        0x2 
 .text.PDB_ConfigTimer
                0x0001a510       0x5c ./bin/lib/40/S32K148_lib/lib_S32K148_sdk.a(pdb_hw_access.o)
                0x0001a510                PDB_ConfigTimer
 .text.PDB_SetAdcPreTriggerBackToBackEnable
                0x0001a56c       0x32 ./bin/lib/40/S32K148_lib/lib_S32K148_sdk.a(pdb_hw_access.o)
                0x0001a56c                PDB_SetAdcPreTriggerBackToBackEnable
 .text.PDB_SetAdcPreTriggerOutputEnable
                0x0001a59e       0x2e ./bin/lib/40/S32K148_lib/lib_S32K148_sdk.a(pdb_hw_access.o)
                0x0001a59e                PDB_SetAdcPreTriggerOutputEnable
 .text.PDB_SetAdcPreTriggerEnable
                0x0001a5cc       0x2a ./bin/lib/40/S32K148_lib/lib_S32K148_sdk.a(pdb_hw_access.o)
                0x0001a5cc                PDB_SetAdcPreTriggerEnable
 .text.PINS_DRV_Init
                0x0001a5f6       0x22 ./bin/lib/40/S32K148_lib/lib_S32K148_sdk.a(pins_driver.o)
                0x0001a5f6                PINS_DRV_Init
 .text.PINS_DRV_SetPins
                0x0001a618        0x4 ./bin/lib/40/S32K148_lib/lib_S32K148_sdk.a(pins_driver.o)
                0x0001a618                PINS_DRV_SetPins
 .text.PINS_DRV_ClearPins
                0x0001a61c        0x4 ./bin/lib/40/S32K148_lib/lib_S32K148_sdk.a(pins_driver.o)
                0x0001a61c                PINS_DRV_ClearPins
 .text.PINS_DRV_TogglePins
                0x0001a620        0x4 ./bin/lib/40/S32K148_lib/lib_S32K148_sdk.a(pins_driver.o)
                0x0001a620                PINS_DRV_TogglePins
 .text.PINS_Init
                0x0001a624       0xda ./bin/lib/40/S32K148_lib/lib_S32K148_sdk.a(pins_port_hw_access.o)
                0x0001a624                PINS_Init
 *fill*         0x0001a6fe        0x2 
 .text.RTC_DRV_IRQHandler
                0x0001a700       0x7c ./bin/lib/40/S32K148_lib/lib_S32K148_sdk.a(rtc_driver.o)
                0x0001a700                RTC_DRV_IRQHandler
 .text.RTC_DRV_SecondsIRQHandler
                0x0001a77c       0x1c ./bin/lib/40/S32K148_lib/lib_S32K148_sdk.a(rtc_driver.o)
                0x0001a77c                RTC_DRV_SecondsIRQHandler
 .text.RTC_IRQHandler
                0x0001a798        0xa ./bin/lib/40/S32K148_lib/lib_S32K148_sdk.a(rtc_irq.o)
                0x0001a798                RTC_IRQHandler
 .text.RTC_Seconds_IRQHandler
                0x0001a7a2        0xa ./bin/lib/40/S32K148_lib/lib_S32K148_sdk.a(rtc_irq.o)
                0x0001a7a2                RTC_Seconds_IRQHandler
 .text.irq_priority_get
                0x0001a7ac       0x50 ./bin/lib/40/S32K148_lib/lib_S32K148_sdk.a(irq_priority.o)
                0x0001a7ac                irq_priority_get
 .text.irq_priority_set_all_predefined
                0x0001a7fc       0x50 ./bin/lib/40/S32K148_lib/lib_S32K148_sdk.a(irq_priority.o)
                0x0001a7fc                irq_priority_set_all_predefined
 .text.init_data_bss
                0x0001a84c       0xd0 ./bin/lib/40/S32K148_lib/lib_S32K148_bsp_cfg.a(startup.o)
                0x0001a84c                init_data_bss
 .text.ext_osif_Tick
                0x0001a91c       0x10 ./bin/lib/40/S32K148_lib/lib_S32K148_bsp_cfg.a(osif_baremetal.o)
                0x0001a91c                ext_osif_Tick
 .text.OSIF_TimeDelay
                0x0001a92c       0x48 ./bin/lib/40/S32K148_lib/lib_S32K148_bsp_cfg.a(osif_baremetal.o)
                0x0001a92c                OSIF_TimeDelay
 .text.OSIF_SemaPost
                0x0001a974       0x26 ./bin/lib/40/S32K148_lib/lib_S32K148_bsp_cfg.a(osif_baremetal.o)
                0x0001a974                OSIF_SemaPost
 .text.OSIF_SemaCreate
                0x0001a99a       0x14 ./bin/lib/40/S32K148_lib/lib_S32K148_bsp_cfg.a(osif_baremetal.o)
                0x0001a99a                OSIF_SemaCreate
 .text.OSIF_SemaDestroy
                0x0001a9ae        0x4 ./bin/lib/40/S32K148_lib/lib_S32K148_bsp_cfg.a(osif_baremetal.o)
                0x0001a9ae                OSIF_SemaDestroy
 *fill*         0x0001a9b2        0x2 
 .text.can_handle_check
                0x0001a9b4       0x34 ./bin/lib/40/S32K148_lib/lib_S32K148_hal_impl_s32k.a(hal_can_s32k.o)
 .text.hal_can_init
                0x0001a9e8       0xd8 ./bin/lib/40/S32K148_lib/lib_S32K148_hal_impl_s32k.a(hal_can_s32k.o)
                0x0001a9e8                hal_can_init
 .text.hal_can_receive
                0x0001aac0       0x94 ./bin/lib/40/S32K148_lib/lib_S32K148_hal_impl_s32k.a(hal_can_s32k.o)
                0x0001aac0                hal_can_receive
 .text.hal_can_set_filter
                0x0001ab54       0x50 ./bin/lib/40/S32K148_lib/lib_S32K148_hal_impl_s32k.a(hal_can_s32k.o)
                0x0001ab54                hal_can_set_filter
 .text.hal_can_set_receive_callback
                0x0001aba4       0x16 ./bin/lib/40/S32K148_lib/lib_S32K148_hal_impl_s32k.a(hal_can_s32k.o)
                0x0001aba4                hal_can_set_receive_callback
 .text.hal_can_set_error_callback
                0x0001abba       0x16 ./bin/lib/40/S32K148_lib/lib_S32K148_hal_impl_s32k.a(hal_can_s32k.o)
                0x0001abba                hal_can_set_error_callback
 .text.hal_can_set_baudrate
                0x0001abd0       0x84 ./bin/lib/40/S32K148_lib/lib_S32K148_hal_impl_s32k.a(hal_can_s32k.o)
                0x0001abd0                hal_can_set_baudrate
 .text.hal_can_set_fd_data_baudrate
                0x0001ac54       0x5c ./bin/lib/40/S32K148_lib/lib_S32K148_hal_impl_s32k.a(hal_can_s32k.o)
                0x0001ac54                hal_can_set_fd_data_baudrate
 .text.hal_can_dlc_to_len
                0x0001acb0       0x36 ./bin/lib/40/S32K148_lib/lib_S32K148_hal_impl_s32k.a(hal_can_s32k.o)
                0x0001acb0                hal_can_dlc_to_len
 *fill*         0x0001ace6        0x2 
 .text.hal_can_send
                0x0001ace8       0xa0 ./bin/lib/40/S32K148_lib/lib_S32K148_hal_impl_s32k.a(hal_can_s32k.o)
                0x0001ace8                hal_can_send
 .text.hal_can_len_to_dlc
                0x0001ad88       0x64 ./bin/lib/40/S32K148_lib/lib_S32K148_hal_impl_s32k.a(hal_can_s32k.o)
                0x0001ad88                hal_can_len_to_dlc
 .text.hal_io_init
                0x0001adec       0xa8 ./bin/lib/40/S32K148_lib/lib_S32K148_hal_impl_s32k.a(hal_io_s32k.o)
                0x0001adec                hal_io_init
 .text.hal_io_init_pin
                0x0001ae94       0x44 ./bin/lib/40/S32K148_lib/lib_S32K148_hal_impl_s32k.a(hal_io_s32k.o)
                0x0001ae94                hal_io_init_pin
 .text.hal_io_do_set
                0x0001aed8       0x74 ./bin/lib/40/S32K148_lib/lib_S32K148_hal_impl_s32k.a(hal_io_s32k.o)
                0x0001aed8                hal_io_do_set
 .text.hal_io_do_toggle
                0x0001af4c       0x44 ./bin/lib/40/S32K148_lib/lib_S32K148_hal_impl_s32k.a(hal_io_s32k.o)
                0x0001af4c                hal_io_do_toggle
 .text.hal_pwm_init
                0x0001af90      0x164 ./bin/lib/40/S32K148_lib/lib_S32K148_hal_impl_s32k.a(hal_pwm_s32k.o)
                0x0001af90                hal_pwm_init
 .text.hal_freq_init
                0x0001b0f4       0xe0 ./bin/lib/40/S32K148_lib/lib_S32K148_hal_impl_s32k.a(hal_pwm_s32k.o)
                0x0001b0f4                hal_freq_init
 .text.hal_pwm_set_duty
                0x0001b1d4       0x9c ./bin/lib/40/S32K148_lib/lib_S32K148_hal_impl_s32k.a(hal_pwm_s32k.o)
                0x0001b1d4                hal_pwm_set_duty
 .text.hal_sci_receive
                0x0001b270       0x18 ./bin/lib/40/S32K148_lib/lib_S32K148_hal_impl_s32k.a(hal_sci_s32k.o)
                0x0001b270                hal_sci_receive
 .text.hal_sci_set_callback
                0x0001b288       0x26 ./bin/lib/40/S32K148_lib/lib_S32K148_hal_impl_s32k.a(hal_sci_s32k.o)
                0x0001b288                hal_sci_set_callback
 .text.hal_sci_set_baudrate
                0x0001b2ae       0x1e ./bin/lib/40/S32K148_lib/lib_S32K148_hal_impl_s32k.a(hal_sci_s32k.o)
                0x0001b2ae                hal_sci_set_baudrate
 .text.hal_sci_init
                0x0001b2cc       0x8c ./bin/lib/40/S32K148_lib/lib_S32K148_hal_impl_s32k.a(hal_sci_s32k.o)
                0x0001b2cc                hal_sci_init
 .text.hal_nvm_init
                0x0001b358       0x88 ./bin/lib/40/S32K148_lib/lib_S32K148_hal_impl_s32k.a(hal_nvm_s32k.o)
                0x0001b358                hal_nvm_init
 .text.set_callback_timer_1ms
                0x0001b3e0        0xc ./bin/lib/40/S32K148_lib/lib_S32K148_hal_impl_s32k.a(hal_tick_s32k.o)
                0x0001b3e0                set_callback_timer_1ms
 .text.hal_tick_init
                0x0001b3ec        0xc ./bin/lib/40/S32K148_lib/lib_S32K148_hal_impl_s32k.a(hal_tick_s32k.o)
                0x0001b3ec                hal_tick_init
 .text.hal_get_timestamp
                0x0001b3f8       0x1c ./bin/lib/40/S32K148_lib/lib_S32K148_hal_impl_s32k.a(hal_tick_s32k.o)
                0x0001b3f8                hal_get_timestamp
 .text.hal_tick_set_tick_next
                0x0001b414       0x1e ./bin/lib/40/S32K148_lib/lib_S32K148_hal_impl_s32k.a(hal_tick_s32k.o)
                0x0001b414                hal_tick_set_tick_next
 *fill*         0x0001b432        0x2 
 .text.hal_tick_set_tick
                0x0001b434      0x228 ./bin/lib/40/S32K148_lib/lib_S32K148_hal_impl_s32k.a(hal_tick_s32k.o)
                0x0001b434                hal_tick_set_tick
 .text.SysTick_Handler
                0x0001b65c       0x28 ./bin/lib/40/S32K148_lib/lib_S32K148_hal_impl_s32k.a(hal_tick_s32k.o)
                0x0001b65c                SysTick_Handler
 .text.kick_watchdog
                0x0001b684       0x50 ./bin/lib/40/S32K148_lib/lib_S32K148_hal_impl_s32k.a(hal_watchdog_s32k.o)
 .text.hal_watchdog_start
                0x0001b6d4       0x78 ./bin/lib/40/S32K148_lib/lib_S32K148_hal_impl_s32k.a(hal_watchdog_s32k.o)
                0x0001b6d4                hal_watchdog_start
 .text.hal_watchdog_mask
                0x0001b74c       0x1c ./bin/lib/40/S32K148_lib/lib_S32K148_hal_impl_s32k.a(hal_watchdog_s32k.o)
                0x0001b74c                hal_watchdog_mask
 .text.hal_watchdog_signal
                0x0001b768       0x90 ./bin/lib/40/S32K148_lib/lib_S32K148_hal_impl_s32k.a(hal_watchdog_s32k.o)
                0x0001b768                hal_watchdog_signal
 .text.hal_sys_disable_all_interrupts
                0x0001b7f8        0x4 ./bin/lib/40/S32K148_lib/lib_S32K148_hal_impl_s32k.a(hal_sys_s32k.o)
                0x0001b7f8                hal_sys_disable_all_interrupts
 .text.hal_sys_enable_all_interrupts
                0x0001b7fc        0x4 ./bin/lib/40/S32K148_lib/lib_S32K148_hal_impl_s32k.a(hal_sys_s32k.o)
                0x0001b7fc                hal_sys_enable_all_interrupts
 .text.init     0x0001b800       0x24 ./bin/lib/40/S32K148_lib/lib_S32K148_bl_protocol.a(role.o)
 .text.role_constructor
                0x0001b824       0x30 ./bin/lib/40/S32K148_lib/lib_S32K148_bl_protocol.a(role.o)
 .text.role_dothis
                0x0001b854      0x178 ./bin/lib/40/S32K148_lib/lib_S32K148_bl_protocol.a(role.o)
                0x0001b854                role_dothis
 .text.role_play
                0x0001b9cc       0x34 ./bin/lib/40/S32K148_lib/lib_S32K148_bl_protocol.a(role.o)
                0x0001b9cc                role_play
 .text.role_private_play
                0x0001ba00       0x40 ./bin/lib/40/S32K148_lib/lib_S32K148_bl_protocol.a(role_phy_can.o)
 .text.role_private_dothis
                0x0001ba40      0xa7c ./bin/lib/40/S32K148_lib/lib_S32K148_bl_protocol.a(role_phy_can.o)
 .text.role_phy_can_constructor
                0x0001c4bc       0x44 ./bin/lib/40/S32K148_lib/lib_S32K148_bl_protocol.a(role_phy_can.o)
                0x0001c4bc                role_phy_can_constructor
 .text.mult     0x0001c500       0x36 ./bin/lib/40/S32K148_lib/lib_S32K148_bl_protocol.a(role_phy_tick.o)
 *fill*         0x0001c536        0x2 
 .text.role_phy_tick_update
                0x0001c538       0x50 ./bin/lib/40/S32K148_lib/lib_S32K148_bl_protocol.a(role_phy_tick.o)
 .text.role_private_play
                0x0001c588       0x20 ./bin/lib/40/S32K148_lib/lib_S32K148_bl_protocol.a(role_phy_tick.o)
 .text.role_phy_tick_timestamp
                0x0001c5a8       0x60 ./bin/lib/40/S32K148_lib/lib_S32K148_bl_protocol.a(role_phy_tick.o)
 .text.role_phy_tick_is_timeout
                0x0001c608       0x50 ./bin/lib/40/S32K148_lib/lib_S32K148_bl_protocol.a(role_phy_tick.o)
 .text.role_private_dothis
                0x0001c658      0x2b0 ./bin/lib/40/S32K148_lib/lib_S32K148_bl_protocol.a(role_phy_tick.o)
 .text.role_phy_tick_constructor
                0x0001c908       0x2c ./bin/lib/40/S32K148_lib/lib_S32K148_bl_protocol.a(role_phy_tick.o)
                0x0001c908                role_phy_tick_constructor
 .text.role_private_play
                0x0001c934       0x1c ./bin/lib/40/S32K148_lib/lib_S32K148_bl_protocol.a(role_phy_sys.o)
 .text.role_private_dothis
                0x0001c950      0x358 ./bin/lib/40/S32K148_lib/lib_S32K148_bl_protocol.a(role_phy_sys.o)
 .text.role_phy_sys_constructor
                0x0001cca8       0x2c ./bin/lib/40/S32K148_lib/lib_S32K148_bl_protocol.a(role_phy_sys.o)
                0x0001cca8                role_phy_sys_constructor
 .text.CCIF_Handler
                0x0001ccd4       0x10 ./bin/lib/40/S32K148_lib/lib_S32K148_bl_protocol.a(role_phy_flash.o)
 .text.role_private_play
                0x0001cce4       0x1c ./bin/lib/40/S32K148_lib/lib_S32K148_bl_protocol.a(role_phy_flash.o)
 .text.role_private_dothis
                0x0001cd00      0x2d4 ./bin/lib/40/S32K148_lib/lib_S32K148_bl_protocol.a(role_phy_flash.o)
 .text.role_phy_flash_constructor
                0x0001cfd4       0x2c ./bin/lib/40/S32K148_lib/lib_S32K148_bl_protocol.a(role_phy_flash.o)
                0x0001cfd4                role_phy_flash_constructor
 .text.ee_version_get_compatible
                0x0001d000       0xf8 ./bin/lib/40/S32K148_lib/lib_S32K148_bl_protocol.a(ee_helper.o)
                0x0001d000                ee_version_get_compatible
 .text.ee_is_id_match
                0x0001d0f8       0x64 ./bin/lib/40/S32K148_lib/lib_S32K148_bl_protocol.a(ee_helper.o)
                0x0001d0f8                ee_is_id_match
 .text.ee_is_address_mapping_used
                0x0001d15c       0x18 ./bin/lib/40/S32K148_lib/lib_S32K148_bl_protocol.a(ee_helper.o)
                0x0001d15c                ee_is_address_mapping_used
 .text.bl_ee_binary_search
                0x0001d174      0x130 ./bin/lib/40/S32K148_lib/lib_S32K148_bl_protocol.a(ee_helper.o)
 .text.bl_ee_transform_addr
                0x0001d2a4       0x60 ./bin/lib/40/S32K148_lib/lib_S32K148_bl_protocol.a(ee_helper.o)
 .text.ee_read  0x0001d304       0x60 ./bin/lib/40/S32K148_lib/lib_S32K148_bl_protocol.a(ee_helper.o)
                0x0001d304                ee_read
 .text.ee_write
                0x0001d364       0xc0 ./bin/lib/40/S32K148_lib/lib_S32K148_bl_protocol.a(ee_helper.o)
                0x0001d364                ee_write
 .text.ee_write_max32
                0x0001d424       0x12 ./bin/lib/40/S32K148_lib/lib_S32K148_bl_protocol.a(ee_helper.o)
                0x0001d424                ee_write_max32
 .text.bl_ee_working_addr
                0x0001d436       0x1a ./bin/lib/40/S32K148_lib/lib_S32K148_bl_protocol.a(ee_helper.o)
                0x0001d436                bl_ee_working_addr
 .text.ee_set_defaults
                0x0001d450      0x260 ./bin/lib/40/S32K148_lib/lib_S32K148_bl_protocol.a(ee_helper.o)
                0x0001d450                ee_set_defaults
 .text.bl_protocol_bl_set_eeprom_access
                0x0001d6b0       0x48 ./bin/lib/40/S32K148_lib/lib_S32K148_bl_protocol.a(role_protocol_bl.o)
 .text.bl_protocol_bl_send_notification
                0x0001d6f8       0x3c ./bin/lib/40/S32K148_lib/lib_S32K148_bl_protocol.a(role_protocol_bl.o)
 .text.bl_protocol_bl_set_flasher_state
                0x0001d734       0x5c ./bin/lib/40/S32K148_lib/lib_S32K148_bl_protocol.a(role_protocol_bl.o)
 .text.get_crc8
                0x0001d790       0x40 ./bin/lib/40/S32K148_lib/lib_S32K148_bl_protocol.a(role_protocol_bl.o)
 .text.bl_protocol_bl_can_read_eeprom
                0x0001d7d0       0x90 ./bin/lib/40/S32K148_lib/lib_S32K148_bl_protocol.a(role_protocol_bl.o)
 .text.bl_protocol_bl_check_port_bit
                0x0001d860       0x24 ./bin/lib/40/S32K148_lib/lib_S32K148_bl_protocol.a(role_protocol_bl.o)
 .text.bl_protocol_bl_can_write_eeprom
                0x0001d884      0x6f8 ./bin/lib/40/S32K148_lib/lib_S32K148_bl_protocol.a(role_protocol_bl.o)
 .text.bl_protocol_bl_trigger_access
                0x0001df7c       0x44 ./bin/lib/40/S32K148_lib/lib_S32K148_bl_protocol.a(role_protocol_bl.o)
 .text.bl_send_can_easy
                0x0001dfc0       0x60 ./bin/lib/40/S32K148_lib/lib_S32K148_bl_protocol.a(role_protocol_bl.o)
 .text.bl_protocol_bl_set_program_state
                0x0001e020       0x60 ./bin/lib/40/S32K148_lib/lib_S32K148_bl_protocol.a(role_protocol_bl.o)
 .text.bl_protocol_bl_set_program_state_can
                0x0001e080       0x50 ./bin/lib/40/S32K148_lib/lib_S32K148_bl_protocol.a(role_protocol_bl.o)
 .text.bl_protocol_bl_set_startup_delay
                0x0001e0d0       0x74 ./bin/lib/40/S32K148_lib/lib_S32K148_bl_protocol.a(role_protocol_bl.o)
 .text.bl_protocol_bl_can_receive
                0x0001e144      0x3a8 ./bin/lib/40/S32K148_lib/lib_S32K148_bl_protocol.a(role_protocol_bl.o)
 .text.role_private_play
                0x0001e4ec      0x830 ./bin/lib/40/S32K148_lib/lib_S32K148_bl_protocol.a(role_protocol_bl.o)
 .text.role_private_dothis
                0x0001ed1c     0x1c80 ./bin/lib/40/S32K148_lib/lib_S32K148_bl_protocol.a(role_protocol_bl.o)
 .text.role_protocol_bl_constructor
                0x0002099c       0x2c ./bin/lib/40/S32K148_lib/lib_S32K148_bl_protocol.a(role_protocol_bl.o)
                0x0002099c                role_protocol_bl_constructor
 .text.failure1
                0x000209c8        0x6 ./bin/lib/40/S32K148_lib/lib_S32K148_bl_protocol.a(misc.o)
                0x000209c8                failure1
 .text.ringbuff_get_count
                0x000209ce        0xe ./bin/lib/40/S32K148_lib/lib_S32K148_bl_protocol.a(ring_buff.o)
                0x000209ce                ringbuff_get_count
 .text.ringbuff_push
                0x000209dc       0x6a ./bin/lib/40/S32K148_lib/lib_S32K148_bl_protocol.a(ring_buff.o)
                0x000209dc                ringbuff_push
 .text.ringbuff_read_shadow
                0x00020a46       0x4e ./bin/lib/40/S32K148_lib/lib_S32K148_bl_protocol.a(ring_buff.o)
                0x00020a46                ringbuff_read_shadow
 .text.ringbuff_read_shadow_ptr
                0x00020a94       0x44 ./bin/lib/40/S32K148_lib/lib_S32K148_bl_protocol.a(ring_buff.o)
                0x00020a94                ringbuff_read_shadow_ptr
 .text.ringbuff_pop_if_visited
                0x00020ad8       0x48 ./bin/lib/40/S32K148_lib/lib_S32K148_bl_protocol.a(ring_buff.o)
                0x00020ad8                ringbuff_pop_if_visited
 .text.ringbuff_unhide_if_hidden
                0x00020b20       0x32 ./bin/lib/40/S32K148_lib/lib_S32K148_bl_protocol.a(ring_buff.o)
                0x00020b20                ringbuff_unhide_if_hidden
 .text.memcmp   0x00020b52       0x1c c:/users/theno/appdata/local/applicsstudio/app-4.8.0/tools/gnuarmembedded/8.3.1/bin/../lib/gcc/arm-none-eabi/8.3.1/../../../../arm-none-eabi/lib/thumb/v7e-m+fp/hard\libc_nano.a(lib_a-memcmp.o)
                0x00020b52                memcmp
 .text.memcpy   0x00020b6e       0x1c c:/users/theno/appdata/local/applicsstudio/app-4.8.0/tools/gnuarmembedded/8.3.1/bin/../lib/gcc/arm-none-eabi/8.3.1/../../../../arm-none-eabi/lib/thumb/v7e-m+fp/hard\libc_nano.a(lib_a-memcpy-stub.o)
                0x00020b6e                memcpy
 .text.memset   0x00020b8a       0x10 c:/users/theno/appdata/local/applicsstudio/app-4.8.0/tools/gnuarmembedded/8.3.1/bin/../lib/gcc/arm-none-eabi/8.3.1/../../../../arm-none-eabi/lib/thumb/v7e-m+fp/hard\libc_nano.a(lib_a-memset.o)
                0x00020b8a                memset